IP Upgrade report for DE10_NANO_SoC_GHRD
Fri Jul 17 21:37:31 2026
Quartus Prime Version 20.1.1 Build 720 11/11/2020 SJ Lite Edition


---------------------
; Table of Contents ;
---------------------
  1. Legal Notice
  2. IP Upgrade Summary
  3. Successfully Upgraded IP Components
  4. Failed Upgrade IP Components
  5. IP Upgrade Messages



----------------
; Legal Notice ;
----------------
Copyright (C) 2020  Intel Corporation. All rights reserved.
Your use of Intel Corporation's design tools, logic functions 
and other software and tools, and any partner logic 
functions, and any output files from any of the foregoing 
(including device programming or simulation files), and any 
associated documentation or information are expressly subject 
to the terms and conditions of the Intel Program License 
Subscription Agreement, the Intel Quartus Prime License Agreement,
the Intel FPGA IP License Agreement, or other applicable license
agreement, including, without limitation, that your use is for
the sole purpose of programming logic devices manufactured by
Intel and sold by Intel or its authorized distributors.  Please
refer to the applicable agreement for further details, at
https://fpgasoftware.intel.com/eula.



+----------------------------------------------------------------------------+
; IP Upgrade Summary                                                         ;
+------------------------------+---------------------------------------------+
; IP Components Upgrade Status ; Passed - Fri Jul 17 21:37:31 2026           ;
; Quartus Prime Version        ; 20.1.1 Build 720 11/11/2020 SJ Lite Edition ;
; Revision Name                ; DE10_NANO_SoC_GHRD                          ;
; Top-level Entity Name        ; DE10_NANO_SoC_GHRD                          ;
; Family                       ; Cyclone V                                   ;
+------------------------------+---------------------------------------------+


+-----------------------------------------------------------------------------------------------------------------------------------------------------------------------+
; Successfully Upgraded IP Components                                                                                                                                   ;
+-------------+------------------------------+---------+----------------------------------+--------------------------------+----------------------------------+---------+
; Entity Name ; Component Name               ; Version ; Original Source File             ; Generation File Path           ; New Source File                  ; Message ;
+-------------+------------------------------+---------+----------------------------------+--------------------------------+----------------------------------+---------+
; hps_reset   ; In-System Sources and Probes ; 19.1    ; ip/altsource_probe/hps_reset.qip ; ip/altsource_probe/hps_reset.v ; ip/altsource_probe/hps_reset.qip ;         ;
+-------------+------------------------------+---------+----------------------------------+--------------------------------+----------------------------------+---------+


+----------------------------------------------------------------------------------------------------------------------------------------------------------------------------------+
; Failed Upgrade IP Components                                                                                                                                                     ;
+-------------+----------------+---------+-------------------------------------+----------------------+-----------------+----------------------------------------------------------+
; Entity Name ; Component Name ; Version ; Original Source File                ; Generation File Path ; New Source File ; Message                                                  ;
+-------------+----------------+---------+-------------------------------------+----------------------+-----------------+----------------------------------------------------------+
; soc_system  ; Qsys           ; 19.1    ; soc_system/synthesis/soc_system.qip ; soc_system.qsys      ;                 ; Error upgrading Platform Designer file "soc_system.qsys" ;
+-------------+----------------+---------+-------------------------------------+----------------------+-----------------+----------------------------------------------------------+


+---------------------+
; IP Upgrade Messages ;
+---------------------+
Info (11902): Backing up file "ip/altsource_probe/hps_reset.v" to "ip/altsource_probe/hps_reset.BAK.v"
Info (11837): Started upgrading IP component In-System Sources and Probes with file "ip/altsource_probe/hps_reset.v"
Info (11902): Backing up file "soc_system.qsys" to "soc_system.BAK.qsys"
Info (11902): Backing up file "soc_system/synthesis/soc_system.v" to "soc_system.BAK.v"
Info (11837): Started upgrading IP component Qsys with file "soc_system.qsys"
Info: Picked up _JAVA_OPTIONS: -Dsun.java2d.opengl=true
Info: 2026.07.17.21:35:04 Info: Starting to upgrade the IP cores in the Platform Designer system
Info: 2026.07.17.21:35:04 Info: Finished upgrading the ip cores
Info: Picked up _JAVA_OPTIONS: -Dsun.java2d.opengl=true
Info: 2026.07.17.21:35:26 Info: Saving generation log to /home/huyatieo/Desktop/project/full_adder_soc/soc_system
Info: 2026.07.17.21:35:26 Info: Loading full_adder_soc
Info: 2026.07.17.21:35:26 Info: Reading input file
Info: 2026.07.17.21:35:26 Info: Adding clk_0 [clock_source 20.1]
Info: 2026.07.17.21:35:26 Info: Parameterizing module clk_0
Info: 2026.07.17.21:35:26 Info: Adding hps_0 [altera_hps 20.1]
Info: 2026.07.17.21:35:26 Info: Parameterizing module hps_0
Info: 2026.07.17.21:35:26 Info: Adding mm_bridge_0 [altera_avalon_mm_bridge 20.1]
Info: 2026.07.17.21:35:26 Info: Parameterizing module mm_bridge_0
Info: 2026.07.17.21:35:26 Info: Adding pio64_in_0 [pio64_in 1.0]
Info: 2026.07.17.21:35:26 Info: Parameterizing module pio64_in_0
Info: 2026.07.17.21:35:26 Info: Adding pio64_out_0 [pio64_out 1.0]
Info: 2026.07.17.21:35:26 Info: Parameterizing module pio64_out_0
Info: 2026.07.17.21:35:26 Info: Adding pio64_out_1 [pio64_out 1.0]
Info: 2026.07.17.21:35:26 Info: Parameterizing module pio64_out_1
Info: 2026.07.17.21:35:26 Info: Building connections
Info: 2026.07.17.21:35:26 Info: Parameterizing connections
Info: 2026.07.17.21:35:26 Info: Validating
Info: 2026.07.17.21:35:33 Info: Done reading input file
Info: 2026.07.17.21:35:35 Info: soc_system.hps_0: HPS Main PLL counter settings: n = 0  m = 63
Info: 2026.07.17.21:35:35 Info: soc_system.hps_0: HPS peripherial PLL counter settings: n = 0  m = 39
Warning: 2026.07.17.21:35:35 Warning: soc_system.hps_0: set_interface_assignment: Interface "hps_io" does not exist
Info: 2026.07.17.21:35:37 Info: soc_system: Generating soc_system "soc_system" for SIM_VERILOG
Info: 2026.07.17.21:35:40 Info: Interconnect is inserted between master hps_0.h2f_axi_master and slave mm_bridge_0.s0 because the master is of type axi and the slave is of type avalon.
Info: 2026.07.17.21:35:47 Info: hps_0: "Running  for module: hps_0"
Info: 2026.07.17.21:35:47 Info: hps_0: HPS Main PLL counter settings: n = 0  m = 63
Info: 2026.07.17.21:35:48 Info: hps_0: HPS peripherial PLL counter settings: n = 0  m = 39
Warning: 2026.07.17.21:35:48 Warning: hps_0: set_interface_assignment: Interface "hps_io" does not exist
Info: 2026.07.17.21:35:49 Info: hps_0: "soc_system" instantiated altera_hps "hps_0"
Info: 2026.07.17.21:35:49 Info: mm_bridge_0: "soc_system" instantiated altera_avalon_mm_bridge "mm_bridge_0"
Error: 2026.07.17.21:35:49 Error: pio64_in_0: pio64_in does not support generation for Verilog Simulation. Generation is available for: Quartus Synthesis.
Error: 2026.07.17.21:35:49 Error: Generation stopped, 8 or more modules remaining
Info: 2026.07.17.21:35:49 Info: soc_system: Done "soc_system" with 10 modules, 3 files
Error: 2026.07.17.21:35:49 Error: qsys-generate failed with exit code 1: 2 Errors, 2 Warnings
Info: 2026.07.17.21:35:49 Info: Finished: Create simulation model
Info: 2026.07.17.21:35:49 Info: Starting: Create Modelsim Project.
Info: 2026.07.17.21:35:49 Info: sim-script-gen --spd=/home/huyatieo/Desktop/project/full_adder_soc/soc_system/soc_system.spd --output-directory=/home/huyatieo/Desktop/project/full_adder_soc/soc_system/simulation
Info: 2026.07.17.21:35:49 Info: Doing: ip-make-simscript --spd=/home/huyatieo/Desktop/project/full_adder_soc/soc_system/soc_system.spd --output-directory=/home/huyatieo/Desktop/project/full_adder_soc/soc_system/simulation
Info: 2026.07.17.21:35:50 Info: Generating the following file(s) for MODELSIM simulator in /home/huyatieo/Desktop/project/full_adder_soc/soc_system/simulation
Info: 2026.07.17.21:35:50 Info:     mentor
Info: 2026.07.17.21:35:50 Info: Generating the following file(s) for VCS simulator in /home/huyatieo/Desktop/project/full_adder_soc/soc_system/simulation
Info: 2026.07.17.21:35:50 Info:     synopsys/vcs
Info: 2026.07.17.21:35:50 Info: Generating the following file(s) for VCSMX simulator in /home/huyatieo/Desktop/project/full_adder_soc/soc_system/simulation
Info: 2026.07.17.21:35:50 Info:     synopsys/vcsmx
Info: 2026.07.17.21:35:50 Info:     synopsys/vcsmx
Info: 2026.07.17.21:35:50 Info: Generating the following file(s) for NCSIM simulator in /home/huyatieo/Desktop/project/full_adder_soc/soc_system/simulation
Info: 2026.07.17.21:35:50 Info:     cadence
Info: 2026.07.17.21:35:50 Info:     cadence
Info: 2026.07.17.21:35:50 Info:     cadence
Info: 2026.07.17.21:35:50 Info:     2 .cds.lib files in cadence/cds_libs
Info: 2026.07.17.21:35:50 Info: Generating the following file(s) for RIVIERA simulator in /home/huyatieo/Desktop/project/full_adder_soc/soc_system/simulation/ directory:
2026.07.17.21:35:50 Info:     aldec/rivierapro_setup.tcl
2026.07.17.21:35:50 Info: For information on how to simulate your IP, see the explanatory comments in the simulator-specific subdirectories under /home/huyatieo/Desktop/project/full_adder_soc/soc_system/simulation
Info: 2026.07.17.21:35:50 Info: Regenerate these scripts whenever you make any change to any Quartus-generated IP in your project.
Info: 2026.07.17.21:35:50 Info: Finished: Create Modelsim Project.
Info: 2026.07.17.21:35:50 Info: Starting: Create block symbol file (.bsf)
Info: 2026.07.17.21:35:50 Info: Loading full_adder_soc
Info: 2026.07.17.21:35:50 Info: Reading input file
Info: 2026.07.17.21:35:50 Info: Adding clk_0 [clock_source 20.1]
Info: 2026.07.17.21:35:50 Info: Parameterizing module clk_0
Info: 2026.07.17.21:35:50 Info: Adding hps_0 [altera_hps 20.1]
Info: 2026.07.17.21:35:50 Info: Parameterizing module hps_0
Info: 2026.07.17.21:35:50 Info: Adding mm_bridge_0 [altera_avalon_mm_bridge 20.1]
Info: 2026.07.17.21:35:50 Info: Parameterizing module mm_bridge_0
Info: 2026.07.17.21:35:50 Info: Adding pio64_in_0 [pio64_in 1.0]
Info: 2026.07.17.21:35:50 Info: Parameterizing module pio64_in_0
Info: 2026.07.17.21:35:50 Info: Adding pio64_out_0 [pio64_out 1.0]
Info: 2026.07.17.21:35:50 Info: Parameterizing module pio64_out_0
Info: 2026.07.17.21:35:50 Info: Adding pio64_out_1 [pio64_out 1.0]
Info: 2026.07.17.21:35:50 Info: Parameterizing module pio64_out_1
Info: 2026.07.17.21:35:50 Info: Building connections
Info: 2026.07.17.21:35:50 Info: Parameterizing connections
Info: 2026.07.17.21:35:50 Info: Validating
Info: 2026.07.17.21:35:57 Info: Done reading input file
Info: 2026.07.17.21:36:00 Info: soc_system.hps_0: HPS Main PLL counter settings: n = 0  m = 63
Info: 2026.07.17.21:36:00 Info: soc_system.hps_0: HPS peripherial PLL counter settings: n = 0  m = 39
Warning: 2026.07.17.21:36:00 Warning: soc_system.hps_0: set_interface_assignment: Interface "hps_io" does not exist
Info: 2026.07.17.21:36:01 Info: qsys-generate succeeded.
2026.07.17.21:36:01 Info: Finished: Create block symbol file (.bsf)
Info: 2026.07.17.21:36:01 Info: 
2026.07.17.21:36:01 Info: Starting: Create HDL design files for synthesis
Info: 2026.07.17.21:36:01 Info: Loading full_adder_soc
Info: 2026.07.17.21:36:01 Info: Reading input file
Info: 2026.07.17.21:36:01 Info: Adding clk_0 [clock_source 20.1]
Info: 2026.07.17.21:36:01 Info: Parameterizing module clk_0
Info: 2026.07.17.21:36:01 Info: Adding hps_0 [altera_hps 20.1]
Info: 2026.07.17.21:36:01 Info: Parameterizing module hps_0
Info: 2026.07.17.21:36:01 Info: Adding mm_bridge_0 [altera_avalon_mm_bridge 20.1]
Info: 2026.07.17.21:36:01 Info: Parameterizing module mm_bridge_0
Info: 2026.07.17.21:36:01 Info: Adding pio64_in_0 [pio64_in 1.0]
Info: 2026.07.17.21:36:01 Info: Parameterizing module pio64_in_0
Info: 2026.07.17.21:36:01 Info: Adding pio64_out_0 [pio64_out 1.0]
2026.07.17.21:36:01 Info: Parameterizing module pio64_out_0
Info: 2026.07.17.21:36:01 Info: Adding pio64_out_1 [pio64_out 1.0]
Info: 2026.07.17.21:36:01 Info: Parameterizing module pio64_out_1
Info: 2026.07.17.21:36:01 Info: Building connections
Info: 2026.07.17.21:36:01 Info: Parameterizing connections
Info: 2026.07.17.21:36:01 Info: Validating
Info: 2026.07.17.21:36:08 Info: Done reading input file
Info: 2026.07.17.21:36:10 Info: soc_system.hps_0: HPS Main PLL counter settings: n = 0  m = 63
Info: 2026.07.17.21:36:10 Info: soc_system.hps_0: HPS peripherial PLL counter settings: n = 0  m = 39
Warning: 2026.07.17.21:36:10 Warning: soc_system.hps_0: set_interface_assignment: Interface "hps_io" does not exist
Info: 2026.07.17.21:36:46 Info: soc_system: Generating soc_system "soc_system" for QUARTUS_SYNTH
Info: 2026.07.17.21:36:47 Info: Interconnect is inserted between master hps_0.h2f_axi_master and slave mm_bridge_0.s0 because the master is of type axi and the slave is of type avalon.
Info: 2026.07.17.21:36:50 Info: hps_0: "Running  for module: hps_0"
Info: 2026.07.17.21:36:51 Info: hps_0: HPS Main PLL counter settings: n = 0  m = 63
Info: 2026.07.17.21:36:51 Info: hps_0: HPS peripherial PLL counter settings: n = 0  m = 39
Warning: 2026.07.17.21:36:51 Warning: hps_0: set_interface_assignment: Interface "hps_io" does not exist
Info: 2026.07.17.21:36:52 Info: hps_0: "soc_system" instantiated altera_hps "hps_0"
Info: 2026.07.17.21:36:52 Info: mm_bridge_0: "soc_system" instantiated altera_avalon_mm_bridge "mm_bridge_0"
Info: 2026.07.17.21:36:52 Info: pio64_in_0: "soc_system" instantiated pio64_in "pio64_in_0"
Info: 2026.07.17.21:36:52 Info: pio64_out_0: "soc_system" instantiated pio64_out "pio64_out_0"
Info: 2026.07.17.21:36:52 Info: avalon_st_adapter: Inserting error_adapter: error_adapter_0
Info: 2026.07.17.21:36:52 Info: mm_interconnect_0: "soc_system" instantiated altera_mm_interconnect "mm_interconnect_0"
Info: 2026.07.17.21:36:52 Info: avalon_st_adapter: Inserting error_adapter: error_adapter_0
Info: 2026.07.17.21:36:52 Info: avalon_st_adapter_001: Inserting error_adapter: error_adapter_0
Info: 2026.07.17.21:36:52 Info: avalon_st_adapter_002: Inserting error_adapter: error_adapter_0
Info: 2026.07.17.21:36:52 Info: mm_interconnect_1: "soc_system" instantiated altera_mm_interconnect "mm_interconnect_1"
Info: 2026.07.17.21:36:52 Info: rst_controller: "soc_system" instantiated altera_reset_controller "rst_controller"
Info: 2026.07.17.21:36:52 Info: fpga_interfaces: "hps_0" instantiated altera_interface_generator "fpga_interfaces"
Info: 2026.07.17.21:36:53 Info: hps_io: "hps_0" instantiated altera_hps_io "hps_io"
Info: 2026.07.17.21:36:53 Info: mm_bridge_0_s0_translator: "mm_interconnect_0" instantiated altera_merlin_slave_translator "mm_bridge_0_s0_translator"
Info: 2026.07.17.21:36:53 Info: hps_0_h2f_axi_master_agent: "mm_interconnect_0" instantiated altera_merlin_axi_master_ni "hps_0_h2f_axi_master_agent"
Info: 2026.07.17.21:36:53 Info: mm_bridge_0_s0_agent: "mm_interconnect_0" instantiated altera_merlin_slave_agent "mm_bridge_0_s0_agent"
Info: 2026.07.17.21:36:53 Info: mm_bridge_0_s0_agent_rsp_fifo: "mm_interconnect_0" instantiated altera_avalon_sc_fifo "mm_bridge_0_s0_agent_rsp_fifo"
Info: 2026.07.17.21:36:53 Info: router: "mm_interconnect_0" instantiated altera_merlin_router "router"
Info: 2026.07.17.21:36:53 Info: router_002: "mm_interconnect_0" instantiated altera_merlin_router "router_002"
Info: 2026.07.17.21:36:53 Info: mm_bridge_0_s0_burst_adapter: "mm_interconnect_0" instantiated altera_merlin_burst_adapter "mm_bridge_0_s0_burst_adapter"
Info: 2026.07.17.21:36:53 Info: Reusing file /home/huyatieo/Desktop/project/full_adder_soc/soc_system/synthesis/submodules
Info: 2026.07.17.21:36:53 Info: cmd_demux: "mm_interconnect_0" instantiated altera_merlin_demultiplexer "cmd_demux"
Info: 2026.07.17.21:36:53 Info: cmd_mux: "mm_interconnect_0" instantiated altera_merlin_multiplexer "cmd_mux"
Info: 2026.07.17.21:36:53 Info: rsp_demux: "mm_interconnect_0" instantiated altera_merlin_demultiplexer "rsp_demux"
Info: 2026.07.17.21:36:53 Info: rsp_mux: "mm_interconnect_0" instantiated altera_merlin_multiplexer "rsp_mux"
Info: 2026.07.17.21:36:53 Info: Reusing file /home/huyatieo/Desktop/project/full_adder_soc/soc_system/synthesis/submodules
Info: 2026.07.17.21:36:53 Info: avalon_st_adapter: "mm_interconnect_0" instantiated altera_avalon_st_adapter "avalon_st_adapter"
Info: 2026.07.17.21:36:53 Info: mm_bridge_0_m0_translator: "mm_interconnect_1" instantiated altera_merlin_master_translator "mm_bridge_0_m0_translator"
Info: 2026.07.17.21:36:53 Info: mm_bridge_0_m0_agent: "mm_interconnect_1" instantiated altera_merlin_master_agent "mm_bridge_0_m0_agent"
Info: 2026.07.17.21:36:53 Info: router: "mm_interconnect_1" instantiated altera_merlin_router "router"
Info: 2026.07.17.21:36:53 Info: router_001: "mm_interconnect_1" instantiated altera_merlin_router "router_001"
Info: 2026.07.17.21:36:53 Info: mm_bridge_0_m0_limiter: "mm_interconnect_1" instantiated altera_merlin_traffic_limiter "mm_bridge_0_m0_limiter"
Info: 2026.07.17.21:36:53 Info: Reusing file /home/huyatieo/Desktop/project/full_adder_soc/soc_system/synthesis/submodules
Info: 2026.07.17.21:36:53 Info: Reusing file /home/huyatieo/Desktop/project/full_adder_soc/soc_system/synthesis/submodules
Info: 2026.07.17.21:36:53 Info: cmd_demux: "mm_interconnect_1" instantiated altera_merlin_demultiplexer "cmd_demux"
Info: 2026.07.17.21:36:53 Info: cmd_mux: "mm_interconnect_1" instantiated altera_merlin_multiplexer "cmd_mux"
Info: 2026.07.17.21:36:53 Info: Reusing file /home/huyatieo/Desktop/project/full_adder_soc/soc_system/synthesis/submodules
Info: 2026.07.17.21:36:53 Info: rsp_demux: "mm_interconnect_1" instantiated altera_merlin_demultiplexer "rsp_demux"
Info: 2026.07.17.21:36:53 Info: rsp_mux: "mm_interconnect_1" instantiated altera_merlin_multiplexer "rsp_mux"
Info: 2026.07.17.21:36:53 Info: Reusing file /home/huyatieo/Desktop/project/full_adder_soc/soc_system/synthesis/submodules
Info: 2026.07.17.21:37:16 Info: border: "hps_io" instantiated altera_interface_generator "border"
Info: 2026.07.17.21:37:16 Info: error_adapter_0: "avalon_st_adapter" instantiated error_adapter "error_adapter_0"
Info: 2026.07.17.21:37:16 Info: soc_system: Done "soc_system" with 33 modules, 89 files
Info: 2026.07.17.21:37:17 Info: qsys-generate succeeded.
Info: 2026.07.17.21:37:17 Info: Finished: Create HDL design files for synthesis
Info (11904): Restoring file "soc_system.BAK.qsys" to "soc_system.qsys"
Error (14923): Error upgrading Platform Designer file "soc_system.qsys"
Info (11131): Completed upgrading IP component In-System Sources and Probes with file "ip/altsource_probe/hps_reset.v"
Error (11890): Unable to automatically upgrade Platform Designer component. Please manually upgrade "soc_system.qsys" in Platform Designer
Error (23031): Evaluation of Tcl script /home/huyatieo/intelFPGA_lite/20.1/quartus/common/tcl/internal/ip_regen/ip_regen.tcl unsuccessful
Error: Quartus Prime Shell was unsuccessful. 6 errors, 5 warnings
    Error: Peak virtual memory: 612 megabytes
    Error: Processing ended: Fri Jul 17 21:37:37 2026
    Error: Elapsed time: 00:03:04
    Error: Total CPU time (on all processors): 00:05:53


