Info: Starting: Create block symbol file (.bsf)
Info: qsys-generate /home/huyatieo/Desktop/project/quickdraw_bnn_rtl/rtl/soc_system.qsys --block-symbol-file --output-directory=/home/huyatieo/Desktop/project/quickdraw_bnn_rtl/rtl/soc_system --family="Cyclone V" --part=5CSEBA6U23I7
Progress: Loading rtl/soc_system.qsys
Progress: Reading input file
Progress: Adding clk_0 [clock_source 20.1]
Progress: Parameterizing module clk_0
Progress: Adding hps_0 [altera_hps 20.1]
Progress: Parameterizing module hps_0
Progress: Adding pio_0 [altera_avalon_pio 20.1]
Progress: Parameterizing module pio_0
Progress: Adding pio_1 [altera_avalon_pio 20.1]
Progress: Parameterizing module pio_1
Progress: Adding read_avalon_sdr_0 [read_avalon_sdr 1.0]
Progress: Parameterizing module read_avalon_sdr_0
Progress: Building connections
Progress: Parameterizing connections
Progress: Validating
Progress: Done reading input file
Info: soc_system.hps_0: HPS Main PLL counter settings: n = 0  m = 63
Info: soc_system.hps_0: HPS peripherial PLL counter settings: n = 0  m = 39
Warning: soc_system.hps_0: set_interface_assignment: Interface "hps_io" does not exist
Info: soc_system.pio_1: PIO inputs are not hardwired in test bench. Undefined values will be read from PIO inputs during simulation.
Info: qsys-generate succeeded.
Info: Finished: Create block symbol file (.bsf)
Info: 
Info: Starting: Create HDL design files for synthesis
Info: qsys-generate /home/huyatieo/Desktop/project/quickdraw_bnn_rtl/rtl/soc_system.qsys --synthesis=VERILOG --output-directory=/home/huyatieo/Desktop/project/quickdraw_bnn_rtl/rtl/soc_system/synthesis --family="Cyclone V" --part=5CSEBA6U23I7
Progress: Loading rtl/soc_system.qsys
Progress: Reading input file
Progress: Adding clk_0 [clock_source 20.1]
Progress: Parameterizing module clk_0
Progress: Adding hps_0 [altera_hps 20.1]
Progress: Parameterizing module hps_0
Progress: Adding pio_0 [altera_avalon_pio 20.1]
Progress: Parameterizing module pio_0
Progress: Adding pio_1 [altera_avalon_pio 20.1]
Progress: Parameterizing module pio_1
Progress: Adding read_avalon_sdr_0 [read_avalon_sdr 1.0]
Progress: Parameterizing module read_avalon_sdr_0
Progress: Building connections
Progress: Parameterizing connections
Progress: Validating
Progress: Done reading input file
Info: soc_system.hps_0: HPS Main PLL counter settings: n = 0  m = 63
Info: soc_system.hps_0: HPS peripherial PLL counter settings: n = 0  m = 39
Warning: soc_system.hps_0: set_interface_assignment: Interface "hps_io" does not exist
Info: soc_system.pio_1: PIO inputs are not hardwired in test bench. Undefined values will be read from PIO inputs during simulation.
Info: soc_system: Generating soc_system "soc_system" for QUARTUS_SYNTH
Info: Interconnect is inserted between master read_avalon_sdr_0.m0 and slave hps_0.f2h_sdram0_data because the master has write signal 1 bit wide, but the slave is 0 bit wide.
Info: Interconnect is inserted between master read_avalon_sdr_0.m0 and slave hps_0.f2h_sdram0_data because the master has writedata signal 256 bit wide, but the slave is 0 bit wide.
Info: Interconnect is inserted between master read_avalon_sdr_0.m0 and slave hps_0.f2h_sdram0_data because the master has address signal 32 bit wide, but the slave is 27 bit wide.
Info: Interconnect is inserted between master read_avalon_sdr_0.m0 and slave hps_0.f2h_sdram0_data because the master has byteenable signal 32 bit wide, but the slave is 0 bit wide.
Info: Interconnect is inserted between master read_avalon_sdr_0.m0 and slave hps_0.f2h_sdram0_data because the master has burstcount signal 11 bit wide, but the slave is 8 bit wide.
Info: hps_0: "Running  for module: hps_0"
Info: hps_0: HPS Main PLL counter settings: n = 0  m = 63
Info: hps_0: HPS peripherial PLL counter settings: n = 0  m = 39
Warning: hps_0: set_interface_assignment: Interface "hps_io" does not exist
Info: hps_0: "soc_system" instantiated altera_hps "hps_0"
Info: pio_0: Starting RTL generation for module 'soc_system_pio_0'
Info: pio_0:   Generation command is [exec /home/huyatieo/intelFPGA_lite/20.1/quartus/linux64/perl/bin/perl -I /home/huyatieo/intelFPGA_lite/20.1/quartus/linux64/perl/lib -I /home/huyatieo/intelFPGA_lite/20.1/quartus/sopc_builder/bin/europa -I /home/huyatieo/intelFPGA_lite/20.1/quartus/sopc_builder/bin -I /home/huyatieo/intelFPGA_lite/20.1/quartus/../ip/altera/sopc_builder_ip/common -I /home/huyatieo/intelFPGA_lite/20.1/quartus/../ip/altera/sopc_builder_ip/altera_avalon_pio -- /home/huyatieo/intelFPGA_lite/20.1/quartus/../ip/altera/sopc_builder_ip/altera_avalon_pio/generate_rtl.pl --name=soc_system_pio_0 --dir=/tmp/alt0672_4018428093369484917.dir/0003_pio_0_gen/ --quartus_dir=/home/huyatieo/intelFPGA_lite/20.1/quartus --verilog --config=/tmp/alt0672_4018428093369484917.dir/0003_pio_0_gen//soc_system_pio_0_component_configuration.pl  --do_build_sim=0  ]
Info: pio_0: Done RTL generation for module 'soc_system_pio_0'
Info: pio_0: "soc_system" instantiated altera_avalon_pio "pio_0"
Info: pio_1: Starting RTL generation for module 'soc_system_pio_1'
Info: pio_1:   Generation command is [exec /home/huyatieo/intelFPGA_lite/20.1/quartus/linux64/perl/bin/perl -I /home/huyatieo/intelFPGA_lite/20.1/quartus/linux64/perl/lib -I /home/huyatieo/intelFPGA_lite/20.1/quartus/sopc_builder/bin/europa -I /home/huyatieo/intelFPGA_lite/20.1/quartus/sopc_builder/bin -I /home/huyatieo/intelFPGA_lite/20.1/quartus/../ip/altera/sopc_builder_ip/common -I /home/huyatieo/intelFPGA_lite/20.1/quartus/../ip/altera/sopc_builder_ip/altera_avalon_pio -- /home/huyatieo/intelFPGA_lite/20.1/quartus/../ip/altera/sopc_builder_ip/altera_avalon_pio/generate_rtl.pl --name=soc_system_pio_1 --dir=/tmp/alt0672_4018428093369484917.dir/0004_pio_1_gen/ --quartus_dir=/home/huyatieo/intelFPGA_lite/20.1/quartus --verilog --config=/tmp/alt0672_4018428093369484917.dir/0004_pio_1_gen//soc_system_pio_1_component_configuration.pl  --do_build_sim=0  ]
Info: pio_1: Done RTL generation for module 'soc_system_pio_1'
Info: pio_1: "soc_system" instantiated altera_avalon_pio "pio_1"
Info: read_avalon_sdr_0: "soc_system" instantiated read_avalon_sdr "read_avalon_sdr_0"
Info: avalon_st_adapter: Inserting error_adapter: error_adapter_0
Info: avalon_st_adapter_001: Inserting error_adapter: error_adapter_0
Info: mm_interconnect_0: "soc_system" instantiated altera_mm_interconnect "mm_interconnect_0"
Info: avalon_st_adapter: Inserting error_adapter: error_adapter_0
Info: mm_interconnect_1: "soc_system" instantiated altera_mm_interconnect "mm_interconnect_1"
Info: rst_controller: "soc_system" instantiated altera_reset_controller "rst_controller"
Info: fpga_interfaces: "hps_0" instantiated altera_interface_generator "fpga_interfaces"
Info: hps_io: "hps_0" instantiated altera_hps_io "hps_io"
Info: pio_0_s1_translator: "mm_interconnect_0" instantiated altera_merlin_slave_translator "pio_0_s1_translator"
Info: hps_0_h2f_axi_master_agent: "mm_interconnect_0" instantiated altera_merlin_axi_master_ni "hps_0_h2f_axi_master_agent"
Info: pio_0_s1_agent: "mm_interconnect_0" instantiated altera_merlin_slave_agent "pio_0_s1_agent"
Info: pio_0_s1_agent_rsp_fifo: "mm_interconnect_0" instantiated altera_avalon_sc_fifo "pio_0_s1_agent_rsp_fifo"
Info: router: "mm_interconnect_0" instantiated altera_merlin_router "router"
Info: router_002: "mm_interconnect_0" instantiated altera_merlin_router "router_002"
Info: hps_0_h2f_axi_master_wr_limiter: "mm_interconnect_0" instantiated altera_merlin_traffic_limiter "hps_0_h2f_axi_master_wr_limiter"
Info: Reusing file /home/huyatieo/Desktop/project/quickdraw_bnn_rtl/rtl/soc_system/synthesis/submodules/altera_avalon_sc_fifo.v
Info: pio_0_s1_burst_adapter: "mm_interconnect_0" instantiated altera_merlin_burst_adapter "pio_0_s1_burst_adapter"
Info: Reusing file /home/huyatieo/Desktop/project/quickdraw_bnn_rtl/rtl/soc_system/synthesis/submodules/altera_merlin_address_alignment.sv
Info: Reusing file /home/huyatieo/Desktop/project/quickdraw_bnn_rtl/rtl/soc_system/synthesis/submodules/altera_avalon_st_pipeline_base.v
Info: cmd_demux: "mm_interconnect_0" instantiated altera_merlin_demultiplexer "cmd_demux"
Info: cmd_mux: "mm_interconnect_0" instantiated altera_merlin_multiplexer "cmd_mux"
Info: rsp_demux: "mm_interconnect_0" instantiated altera_merlin_demultiplexer "rsp_demux"
Info: rsp_mux: "mm_interconnect_0" instantiated altera_merlin_multiplexer "rsp_mux"
Info: Reusing file /home/huyatieo/Desktop/project/quickdraw_bnn_rtl/rtl/soc_system/synthesis/submodules/altera_merlin_arbitrator.sv
Info: pio_0_s1_rsp_width_adapter: "mm_interconnect_0" instantiated altera_merlin_width_adapter "pio_0_s1_rsp_width_adapter"
Info: Reusing file /home/huyatieo/Desktop/project/quickdraw_bnn_rtl/rtl/soc_system/synthesis/submodules/altera_merlin_address_alignment.sv
Info: Reusing file /home/huyatieo/Desktop/project/quickdraw_bnn_rtl/rtl/soc_system/synthesis/submodules/altera_merlin_burst_uncompressor.sv
Info: avalon_st_adapter: "mm_interconnect_0" instantiated altera_avalon_st_adapter "avalon_st_adapter"
Info: read_avalon_sdr_0_m0_translator: "mm_interconnect_1" instantiated altera_merlin_master_translator "read_avalon_sdr_0_m0_translator"
Info: read_avalon_sdr_0_m0_agent: "mm_interconnect_1" instantiated altera_merlin_master_agent "read_avalon_sdr_0_m0_agent"
Info: router: "mm_interconnect_1" instantiated altera_merlin_router "router"
Info: router_001: "mm_interconnect_1" instantiated altera_merlin_router "router_001"
Info: cmd_demux: "mm_interconnect_1" instantiated altera_merlin_demultiplexer "cmd_demux"
Info: cmd_mux: "mm_interconnect_1" instantiated altera_merlin_multiplexer "cmd_mux"
Info: Reusing file /home/huyatieo/Desktop/project/quickdraw_bnn_rtl/rtl/soc_system/synthesis/submodules/altera_merlin_arbitrator.sv
Info: rsp_mux: "mm_interconnect_1" instantiated altera_merlin_multiplexer "rsp_mux"
Info: Reusing file /home/huyatieo/Desktop/project/quickdraw_bnn_rtl/rtl/soc_system/synthesis/submodules/altera_merlin_arbitrator.sv
Info: avalon_st_adapter: "mm_interconnect_1" instantiated altera_avalon_st_adapter "avalon_st_adapter"
Info: border: "hps_io" instantiated altera_interface_generator "border"
Info: error_adapter_0: "avalon_st_adapter" instantiated error_adapter "error_adapter_0"
Info: error_adapter_0: "avalon_st_adapter" instantiated error_adapter "error_adapter_0"
Info: soc_system: Done "soc_system" with 35 modules, 92 files
Info: qsys-generate succeeded.
Info: Finished: Create HDL design files for synthesis
