IP Upgrade report for bdscnn_quickdraw
Thu Jul 23 12:22:30 2026
Quartus Prime Version 20.1.1 Build 720 11/11/2020 SJ Lite Edition


---------------------
; Table of Contents ;
---------------------
  1. Legal Notice
  2. IP Upgrade Summary
  3. Successfully Upgraded IP Components
  4. Failed Upgrade IP Components
  5. IP Upgrade Messages



----------------
; Legal Notice ;
----------------
Copyright (C) 2020  Intel Corporation. All rights reserved.
Your use of Intel Corporation's design tools, logic functions 
and other software and tools, and any partner logic 
functions, and any output files from any of the foregoing 
(including device programming or simulation files), and any 
associated documentation or information are expressly subject 
to the terms and conditions of the Intel Program License 
Subscription Agreement, the Intel Quartus Prime License Agreement,
the Intel FPGA IP License Agreement, or other applicable license
agreement, including, without limitation, that your use is for
the sole purpose of programming logic devices manufactured by
Intel and sold by Intel or its authorized distributors.  Please
refer to the applicable agreement for further details, at
https://fpgasoftware.intel.com/eula.



+----------------------------------------------------------------------------+
; IP Upgrade Summary                                                         ;
+------------------------------+---------------------------------------------+
; IP Components Upgrade Status ; Passed - Thu Jul 23 12:22:30 2026           ;
; Quartus Prime Version        ; 20.1.1 Build 720 11/11/2020 SJ Lite Edition ;
; Revision Name                ; bdscnn_quickdraw                            ;
; Top-level Entity Name        ; DE10_NANO                                   ;
; Family                       ; Cyclone V                                   ;
+------------------------------+---------------------------------------------+


+------------------------------------------------------------------------------------------------------------------+
; Successfully Upgraded IP Components                                                                              ;
+-------------+----------------+---------+----------------------+----------------------+-----------------+---------+
; Entity Name ; Component Name ; Version ; Original Source File ; Generation File Path ; New Source File ; Message ;
+-------------+----------------+---------+----------------------+----------------------+-----------------+---------+
; pll_25Mhz   ; altera_pll     ; 18.1    ; pll_25Mhz.qip        ; pll_25Mhz.v          ; pll_25Mhz.qip   ;         ;
+-------------+----------------+---------+----------------------+----------------------+-----------------+---------+


+----------------------------------------------------------------------------------------------------------------------------------------------------------------------------------+
; Failed Upgrade IP Components                                                                                                                                                     ;
+-------------+----------------+---------+-------------------------------------+----------------------+-----------------+----------------------------------------------------------+
; Entity Name ; Component Name ; Version ; Original Source File                ; Generation File Path ; New Source File ; Message                                                  ;
+-------------+----------------+---------+-------------------------------------+----------------------+-----------------+----------------------------------------------------------+
; soc_system  ; Qsys           ; 18.1    ; soc_system/synthesis/soc_system.qip ; soc_system.qsys      ;                 ; Error upgrading Platform Designer file "soc_system.qsys" ;
+-------------+----------------+---------+-------------------------------------+----------------------+-----------------+----------------------------------------------------------+


+---------------------+
; IP Upgrade Messages ;
+---------------------+
Info (11902): Backing up file "pll_25Mhz.v" to "pll_25Mhz.BAK.v"
Info (11837): Started upgrading IP component altera_pll with file "pll_25Mhz.v"
Info (11902): Backing up file "soc_system.qsys" to "soc_system.BAK.qsys"
Info (11902): Backing up file "soc_system/synthesis/soc_system.v" to "soc_system.BAK.v"
Info (11837): Started upgrading IP component Qsys with file "soc_system.qsys"
Info: 2026.07.23.12:20:55 Info: Starting to upgrade the IP cores in the Platform Designer system
Info: 2026.07.23.12:20:55 Info: Finished upgrading the ip cores
Info: 2026.07.23.12:21:12 Info: Saving generation log to /home/huyatieo/Downloads/quickdraw_bnn_rtl/rtl/soc_system
Info: 2026.07.23.12:21:12 Info: Starting: Create simulation model
Info: 2026.07.23.12:21:12 Info: Loading rtl
Info: 2026.07.23.12:21:12 Info: Reading input file
Info: 2026.07.23.12:21:12 Info: Adding clk_0 [clock_source 20.1]
Info: 2026.07.23.12:21:12 Info: Parameterizing module clk_0
Info: 2026.07.23.12:21:12 Info: Adding hps_0 [altera_hps 20.1]
Info: 2026.07.23.12:21:12 Info: Parameterizing module hps_0
Info: 2026.07.23.12:21:12 Info: Adding pio_0 [altera_avalon_pio 20.1]
Info: 2026.07.23.12:21:12 Info: Parameterizing module pio_0
Info: 2026.07.23.12:21:12 Info: Adding pio_1 [altera_avalon_pio 20.1]
Info: 2026.07.23.12:21:12 Info: Parameterizing module pio_1
Info: 2026.07.23.12:21:12 Info: Adding read_avalon_sdr_0 [read_avalon_sdr 1.0]
Info: 2026.07.23.12:21:12 Info: Parameterizing module read_avalon_sdr_0
Info: 2026.07.23.12:21:12 Info: Building connections
Info: 2026.07.23.12:21:12 Info: Parameterizing connections
Info: 2026.07.23.12:21:12 Info: Validating
Info: 2026.07.23.12:21:17 Info: Done reading input file
Info: 2026.07.23.12:21:18 Info: soc_system.hps_0: HPS Main PLL counter settings: n = 0  m = 63
Warning: 2026.07.23.12:21:18 Info: soc_system.hps_0: HPS peripherial PLL counter settings: n = 0  m = 39
2026.07.23.12:21:18 Warning: soc_system.hps_0: set_interface_assignment: Interface "hps_io" does not exist
Info: 2026.07.23.12:21:18 Info: soc_system.pio_1: PIO inputs are not hardwired in test bench. Undefined values will be read from PIO inputs during simulation.
Info: 2026.07.23.12:21:20 Info: soc_system: Generating soc_system "soc_system" for SIM_VERILOG
Info: 2026.07.23.12:21:24 Info: Interconnect is inserted between master read_avalon_sdr_0.m0 and slave hps_0.f2h_sdram0_data because the master has write signal 1 bit wide, but the slave is 0 bit wide.
Info: 2026.07.23.12:21:24 Info: Interconnect is inserted between master read_avalon_sdr_0.m0 and slave hps_0.f2h_sdram0_data because the master has writedata signal 256 bit wide, but the slave is 0 bit wide.
Info: 2026.07.23.12:21:24 Info: Interconnect is inserted between master read_avalon_sdr_0.m0 and slave hps_0.f2h_sdram0_data because the master has address signal 32 bit wide, but the slave is 27 bit wide.
Info: 2026.07.23.12:21:24 Info: Interconnect is inserted between master read_avalon_sdr_0.m0 and slave hps_0.f2h_sdram0_data because the master has byteenable signal 32 bit wide, but the slave is 0 bit wide.
Info: 2026.07.23.12:21:24 Info: Interconnect is inserted between master read_avalon_sdr_0.m0 and slave hps_0.f2h_sdram0_data because the master has burstcount signal 11 bit wide, but the slave is 8 bit wide.
Info: 2026.07.23.12:21:28 Info: hps_0: "Running  for module: hps_0"
Info: 2026.07.23.12:21:28 Info: hps_0: HPS Main PLL counter settings: n = 0  m = 63
Info: 2026.07.23.12:21:29 Info: hps_0: HPS peripherial PLL counter settings: n = 0  m = 39
Warning: 2026.07.23.12:21:29 Warning: hps_0: set_interface_assignment: Interface "hps_io" does not exist
Info: 2026.07.23.12:21:29 Info: hps_0: "soc_system" instantiated altera_hps "hps_0"
Info: 2026.07.23.12:21:30 Info: pio_0: Starting RTL generation for module 'soc_system_pio_0'
Info: 2026.07.23.12:21:30 Info: pio_0:   Generation command is [exec /home/huyatieo/intelFPGA_lite/20.1/quartus/linux64/perl/bin/perl -I /home/huyatieo/intelFPGA_lite/20.1/quartus/linux64/perl/lib -I /home/huyatieo/intelFPGA_lite/20.1/quartus/sopc_builder/bin/europa -I /home/huyatieo/intelFPGA_lite/20.1/quartus/sopc_builder/bin -I /home/huyatieo/intelFPGA_lite/20.1/quartus/../ip/altera/sopc_builder_ip/common -I /home/huyatieo/intelFPGA_lite/20.1/quartus/../ip/altera/sopc_builder_ip/altera_avalon_pio -- /home/huyatieo/intelFPGA_lite/20.1/quartus/../ip/altera/sopc_builder_ip/altera_avalon_pio/generate_rtl.pl --name=soc_system_pio_0 --dir=/tmp/alt0657_7670694895879253852.dir/0002_pio_0_gen/ --quartus_dir=/home/huyatieo/intelFPGA_lite/20.1/quartus --verilog --config=/tmp/alt0657_7670694895879253852.dir/0002_pio_0_gen//soc_system_pio_0_component_configuration.pl  --do_build_sim=1    --sim_dir=/tmp/alt0657_7670694895879253852.dir/0002_pio_0_gen
Info: 2026.07.23.12:21:30 Info: pio_0: Done RTL generation for module 'soc_system_pio_0'
Info: 2026.07.23.12:21:30 Info: pio_0: "soc_system" instantiated altera_avalon_pio "pio_0"
Info: 2026.07.23.12:21:30 Info: pio_1: Starting RTL generation for module 'soc_system_pio_1'
Info: 2026.07.23.12:21:30 Info: pio_1:   Generation command is [exec /home/huyatieo/intelFPGA_lite/20.1/quartus/linux64/perl/bin/perl -I /home/huyatieo/intelFPGA_lite/20.1/quartus/linux64/perl/lib -I /home/huyatieo/intelFPGA_lite/20.1/quartus/sopc_builder/bin/europa -I /home/huyatieo/intelFPGA_lite/20.1/quartus/sopc_builder/bin -I /home/huyatieo/intelFPGA_lite/20.1/quartus/../ip/altera/sopc_builder_ip/common -I /home/huyatieo/intelFPGA_lite/20.1/quartus/../ip/altera/sopc_builder_ip/altera_avalon_pio -- /home/huyatieo/intelFPGA_lite/20.1/quartus/../ip/altera/sopc_builder_ip/altera_avalon_pio/generate_rtl.pl --name=soc_system_pio_1 --dir=/tmp/alt0657_7670694895879253852.dir/0003_pio_1_gen/ --quartus_dir=/home/huyatieo/intelFPGA_lite/20.1/quartus --verilog --config=/tmp/alt0657_7670694895879253852.dir/0003_pio_1_gen//soc_system_pio_1_component_configuration.pl  --do_build_sim=1    --sim_dir=/tmp/alt0657_7670694895879253852.dir/0003_pio_1_gen
Info: 2026.07.23.12:21:30 Info: pio_1: Done RTL generation for module 'soc_system_pio_1'
Info: 2026.07.23.12:21:30 Info: pio_1: "soc_system" instantiated altera_avalon_pio "pio_1"
Error: 2026.07.23.12:21:30 Error: read_avalon_sdr_0: read_avalon_sdr does not support generation for Verilog Simulation. Generation is available for: Quartus Synthesis.
Error: 2026.07.23.12:21:30 Error: Generation stopped, 6 or more modules remaining
Info: 2026.07.23.12:21:30 Info: soc_system: Done "soc_system" with 10 modules, 4 files
Error: 2026.07.23.12:21:30 Error: qsys-generate failed with exit code 1: 2 Errors, 2 Warnings
Info: 2026.07.23.12:21:30 Info: Finished: Create simulation model
Info: 2026.07.23.12:21:30 Info: Starting: Create Modelsim Project.
Info: 2026.07.23.12:21:30 Info: sim-script-gen --spd=/home/huyatieo/Downloads/quickdraw_bnn_rtl/rtl/soc_system/soc_system.spd --output-directory=/home/huyatieo/Downloads/quickdraw_bnn_rtl/rtl/soc_system/simulation
Info: 2026.07.23.12:21:30 Info: Doing: ip-make-simscript --spd=/home/huyatieo/Downloads/quickdraw_bnn_rtl/rtl/soc_system/soc_system.spd --output-directory=/home/huyatieo/Downloads/quickdraw_bnn_rtl/rtl/soc_system/simulation
Info: 2026.07.23.12:21:31 Info: Generating the following file(s) for MODELSIM simulator in /home/huyatieo/Downloads/quickdraw_bnn_rtl/rtl/soc_system/simulation
Info: 2026.07.23.12:21:31 Info:     mentor
Info: 2026.07.23.12:21:31 Info: Generating the following file(s) for VCS simulator in /home/huyatieo/Downloads/quickdraw_bnn_rtl/rtl/soc_system/simulation
Info: 2026.07.23.12:21:31 Info:     synopsys/vcs
Info: 2026.07.23.12:21:31 Info: Generating the following file(s) for VCSMX simulator in /home/huyatieo/Downloads/quickdraw_bnn_rtl/rtl/soc_system/simulation
Info: 2026.07.23.12:21:31 Info:     synopsys/vcsmx
Info: 2026.07.23.12:21:31 Info:     synopsys/vcsmx
Info: 2026.07.23.12:21:31 Info: Generating the following file(s) for NCSIM simulator in /home/huyatieo/Downloads/quickdraw_bnn_rtl/rtl/soc_system/simulation
Info: 2026.07.23.12:21:31 Info:     cadence
Info: 2026.07.23.12:21:31 Info:     cadence
Info: 2026.07.23.12:21:31 Info:     cadence
Info: 2026.07.23.12:21:31 Info:     3 .cds.lib files in cadence/cds_libs
Info: 2026.07.23.12:21:31 Info: Generating the following file(s) for RIVIERA simulator in /home/huyatieo/Downloads/quickdraw_bnn_rtl/rtl/soc_system/simulation
Info: 2026.07.23.12:21:31 Info:     aldec
Info: 2026.07.23.12:21:31 Info: For information on how to simulate your IP, see the explanatory comments in the simulator-specific subdirectories under /home/huyatieo/Downloads/quickdraw_bnn_rtl/rtl/soc_system/simulation
Info: 2026.07.23.12:21:31 Info: Regenerate these scripts whenever you make any change to any Quartus-generated IP in your project.
Info: 2026.07.23.12:21:31 Info: Finished: Create Modelsim Project.
Info: 2026.07.23.12:21:31 Info: Starting: Create block symbol file (.bsf)
Info: 2026.07.23.12:21:31 Info: Loading rtl
Info: 2026.07.23.12:21:31 Info: Reading input file
Info: 2026.07.23.12:21:31 Info: Adding clk_0 [clock_source 20.1]
Info: 2026.07.23.12:21:31 Info: Parameterizing module clk_0
Info: 2026.07.23.12:21:31 Info: Adding hps_0 [altera_hps 20.1]
Info: 2026.07.23.12:21:31 Info: Parameterizing module hps_0
Info: 2026.07.23.12:21:31 Info: Adding pio_0 [altera_avalon_pio 20.1]
Info: 2026.07.23.12:21:31 Info: Parameterizing module pio_0
Info: 2026.07.23.12:21:31 Info: Adding pio_1 [altera_avalon_pio 20.1]
Info: 2026.07.23.12:21:31 Info: Parameterizing module pio_1
Info: 2026.07.23.12:21:31 Info: Adding read_avalon_sdr_0 [read_avalon_sdr 1.0]
Info: 2026.07.23.12:21:31 Info: Parameterizing module read_avalon_sdr_0
Info: 2026.07.23.12:21:31 Info: Building connections
Info: 2026.07.23.12:21:31 Info: Parameterizing connections
Info: 2026.07.23.12:21:31 Info: Validating
Info: 2026.07.23.12:21:35 Info: Done reading input file
Info: 2026.07.23.12:21:37 Info: soc_system.hps_0: HPS Main PLL counter settings: n = 0  m = 63
Info: 2026.07.23.12:21:37 Info: soc_system.hps_0: HPS peripherial PLL counter settings: n = 0  m = 39
Warning: 2026.07.23.12:21:37 Warning: soc_system.hps_0: set_interface_assignment: Interface "hps_io" does not exist
Info: 2026.07.23.12:21:37 Info: soc_system.pio_1: PIO inputs are not hardwired in test bench. Undefined values will be read from PIO inputs during simulation.
Info: 2026.07.23.12:21:37 Info: qsys-generate succeeded.
Info: 2026.07.23.12:21:37 Info: Finished: Create block symbol file (.bsf)
Info: 2026.07.23.12:21:37 Info:
Info: 2026.07.23.12:21:37 Info: Starting: Create HDL design files for synthesis
Info: 2026.07.23.12:21:37 Info: Loading rtl
Info: 2026.07.23.12:21:37 Info: Reading input file
Info: 2026.07.23.12:21:37 Info: Adding clk_0 [clock_source 20.1]
Info: 2026.07.23.12:21:37 Info: Parameterizing module clk_0
Info: 2026.07.23.12:21:37 Info: Adding hps_0 [altera_hps 20.1]
Info: 2026.07.23.12:21:37 Info: Parameterizing module hps_0
Info: 2026.07.23.12:21:37 Info: Adding pio_0 [altera_avalon_pio 20.1]
Info: 2026.07.23.12:21:37 Info: Parameterizing module pio_0
Info: 2026.07.23.12:21:37 Info: Adding pio_1 [altera_avalon_pio 20.1]
Info: 2026.07.23.12:21:37 Info: Parameterizing module pio_1
Info: 2026.07.23.12:21:37 Info: Adding read_avalon_sdr_0 [read_avalon_sdr 1.0]
2026.07.23.12:21:37 Info: Parameterizing module read_avalon_sdr_0
2026.07.23.12:21:37 Info: Building connections
Info: 2026.07.23.12:21:37 Info: Parameterizing connections
Info: 2026.07.23.12:21:37 Info: Validating
Info: 2026.07.23.12:21:42 Info: Done reading input file
Info: 2026.07.23.12:21:43 Info: soc_system.hps_0: HPS Main PLL counter settings: n = 0  m = 63
Info: 2026.07.23.12:21:43 Info: soc_system.hps_0: HPS peripherial PLL counter settings: n = 0  m = 39
Warning: 2026.07.23.12:21:43 Warning: soc_system.hps_0: set_interface_assignment: Interface "hps_io" does not exist
Info: 2026.07.23.12:21:43 Info: soc_system.pio_1: PIO inputs are not hardwired in test bench. Undefined values will be read from PIO inputs during simulation.
Info: 2026.07.23.12:21:58 Info: soc_system: Generating soc_system "soc_system" for QUARTUS_SYNTH
Info: 2026.07.23.12:22:00 Info: Interconnect is inserted between master read_avalon_sdr_0.m0 and slave hps_0.f2h_sdram0_data because the master has write signal 1 bit wide, but the slave is 0 bit wide.
Info: 2026.07.23.12:22:00 Info: Interconnect is inserted between master read_avalon_sdr_0.m0 and slave hps_0.f2h_sdram0_data because the master has writedata signal 256 bit wide, but the slave is 0 bit wide.
Info: 2026.07.23.12:22:00 Info: Interconnect is inserted between master read_avalon_sdr_0.m0 and slave hps_0.f2h_sdram0_data because the master has address signal 32 bit wide, but the slave is 27 bit wide.
Info: 2026.07.23.12:22:00 Info: Interconnect is inserted between master read_avalon_sdr_0.m0 and slave hps_0.f2h_sdram0_data because the master has byteenable signal 32 bit wide, but the slave is 0 bit wide.
Info: 2026.07.23.12:22:00 Info: Interconnect is inserted between master read_avalon_sdr_0.m0 and slave hps_0.f2h_sdram0_data because the master has burstcount signal 11 bit wide, but the slave is 8 bit wide.
Info: 2026.07.23.12:22:02 Info: hps_0: "Running  for module: hps_0"
Info: 2026.07.23.12:22:03 Info: hps_0: HPS Main PLL counter settings: n = 0  m = 63
Info: 2026.07.23.12:22:03 Info: hps_0: HPS peripherial PLL counter settings: n = 0  m = 39
Warning: 2026.07.23.12:22:03 Warning: hps_0: set_interface_assignment: Interface "hps_io" does not exist
Info: 2026.07.23.12:22:03 Info: hps_0: "soc_system" instantiated altera_hps "hps_0"
Info: 2026.07.23.12:22:03 Info: pio_0: Starting RTL generation for module 'soc_system_pio_0'
Info: 2026.07.23.12:22:03 Info: pio_0:   Generation command is [exec /home/huyatieo/intelFPGA_lite/20.1/quartus/linux64/perl/bin/perl -I /home/huyatieo/intelFPGA_lite/20.1/quartus/linux64/perl/lib -I /home/huyatieo/intelFPGA_lite/20.1/quartus/sopc_builder/bin/europa -I /home/huyatieo/intelFPGA_lite/20.1/quartus/sopc_builder/bin -I /home/huyatieo/intelFPGA_lite/20.1/quartus/../ip/altera/sopc_builder_ip/common -I /home/huyatieo/intelFPGA_lite/20.1/quartus/../ip/altera/sopc_builder_ip/altera_avalon_pio -- /home/huyatieo/intelFPGA_lite/20.1/quartus/../ip/altera/sopc_builder_ip/altera_avalon_pio/generate_rtl.pl --name=soc_system_pio_0 --dir=/tmp/alt0657_7670694895879253852.dir/0005_pio_0_gen/ --quartus_dir=/home/huyatieo/intelFPGA_lite/20.1/quartus --verilog --config=/tmp/alt0657_7670694895879253852.dir/0005_pio_0_gen/
Info: 2026.07.23.12:22:03 Info: pio_0: Done RTL generation for module 'soc_system_pio_0'
Info: 2026.07.23.12:22:03 Info: pio_0: "soc_system" instantiated altera_avalon_pio "pio_0"
Info: 2026.07.23.12:22:03 Info: pio_1: Starting RTL generation for module 'soc_system_pio_1'
Info: 2026.07.23.12:22:03 Info: pio_1:   Generation command is [exec /home/huyatieo/intelFPGA_lite/20.1/quartus/linux64/perl/bin/perl -I /home/huyatieo/intelFPGA_lite/20.1/quartus/linux64/perl/lib -I /home/huyatieo/intelFPGA_lite/20.1/quartus/sopc_builder/bin/europa -I /home/huyatieo/intelFPGA_lite/20.1/quartus/sopc_builder/bin -I /home/huyatieo/intelFPGA_lite/20.1/quartus/../ip/altera/sopc_builder_ip/common -I /home/huyatieo/intelFPGA_lite/20.1/quartus/../ip/altera/sopc_builder_ip/altera_avalon_pio -- /home/huyatieo/intelFPGA_lite/20.1/quartus/../ip/altera/sopc_builder_ip/altera_avalon_pio/generate_rtl.pl --name=soc_system_pio_1 --dir=/tmp/alt0657_7670694895879253852.dir/0006_pio_1_gen/ --quartus_dir=/home/huyatieo/intelFPGA_lite/20.1/quartus --verilog --config=/tmp/alt0657_7670694895879253852.dir/0006_pio_1_gen/
Info: 2026.07.23.12:22:04 Info: pio_1: Done RTL generation for module 'soc_system_pio_1'
Info: 2026.07.23.12:22:04 Info: pio_1: "soc_system" instantiated altera_avalon_pio "pio_1"
Info: 2026.07.23.12:22:04 Info: read_avalon_sdr_0: "soc_system" instantiated read_avalon_sdr "read_avalon_sdr_0"
Info: 2026.07.23.12:22:04 Info: avalon_st_adapter: Inserting error_adapter: error_adapter_0
Info: 2026.07.23.12:22:04 Info: avalon_st_adapter_001: Inserting error_adapter: error_adapter_0
Info: 2026.07.23.12:22:04 Info: mm_interconnect_0: "soc_system" instantiated altera_mm_interconnect "mm_interconnect_0"
Info: 2026.07.23.12:22:04 Info: avalon_st_adapter: Inserting error_adapter: error_adapter_0
Info: 2026.07.23.12:22:04 Info: mm_interconnect_1: "soc_system" instantiated altera_mm_interconnect "mm_interconnect_1"
Info: 2026.07.23.12:22:04 Info: rst_controller: "soc_system" instantiated altera_reset_controller "rst_controller"
Info: 2026.07.23.12:22:04 Info: fpga_interfaces: "hps_0" instantiated altera_interface_generator "fpga_interfaces"
Info: 2026.07.23.12:22:04 Info: hps_io: "hps_0" instantiated altera_hps_io "hps_io"
Info: 2026.07.23.12:22:04 Info: pio_0_s1_translator: "mm_interconnect_0" instantiated altera_merlin_slave_translator "pio_0_s1_translator"
Info: 2026.07.23.12:22:04 Info: hps_0_h2f_axi_master_agent: "mm_interconnect_0" instantiated altera_merlin_axi_master_ni "hps_0_h2f_axi_master_agent"
Info: 2026.07.23.12:22:04 Info: pio_0_s1_agent: "mm_interconnect_0" instantiated altera_merlin_slave_agent "pio_0_s1_agent"
Info: 2026.07.23.12:22:04 Info: pio_0_s1_agent_rsp_fifo: "mm_interconnect_0" instantiated altera_avalon_sc_fifo "pio_0_s1_agent_rsp_fifo"
Info: 2026.07.23.12:22:04 Info: router: "mm_interconnect_0" instantiated altera_merlin_router "router"
Info: 2026.07.23.12:22:04 Info: router_002: "mm_interconnect_0" instantiated altera_merlin_router "router_002"
Info: 2026.07.23.12:22:04 Info: hps_0_h2f_axi_master_wr_limiter: "mm_interconnect_0" instantiated altera_merlin_traffic_limiter "hps_0_h2f_axi_master_wr_limiter"
Info: 2026.07.23.12:22:04 Info: Reusing file /home/huyatieo/Downloads/quickdraw_bnn_rtl/rtl/soc_system/synthesis/submodules
Info: 2026.07.23.12:22:04 Info: pio_0_s1_burst_adapter: "mm_interconnect_0" instantiated altera_merlin_burst_adapter "pio_0_s1_burst_adapter"
Info: 2026.07.23.12:22:04 Info: Reusing file /home/huyatieo/Downloads/quickdraw_bnn_rtl/rtl/soc_system/synthesis/submodules
Info: 2026.07.23.12:22:04 Info: Reusing file /home/huyatieo/Downloads/quickdraw_bnn_rtl/rtl/soc_system/synthesis/submodules
Info: 2026.07.23.12:22:04 Info: cmd_demux: "mm_interconnect_0" instantiated altera_merlin_demultiplexer "cmd_demux"
Info: 2026.07.23.12:22:04 Info: cmd_mux: "mm_interconnect_0" instantiated altera_merlin_multiplexer "cmd_mux"
Info: 2026.07.23.12:22:04 Info: rsp_demux: "mm_interconnect_0" instantiated altera_merlin_demultiplexer "rsp_demux"
Info: 2026.07.23.12:22:04 Info: rsp_mux: "mm_interconnect_0" instantiated altera_merlin_multiplexer "rsp_mux"
Info: 2026.07.23.12:22:04 Info: Reusing file /home/huyatieo/Downloads/quickdraw_bnn_rtl/rtl/soc_system/synthesis/submodules
Info: 2026.07.23.12:22:04 Info: pio_0_s1_rsp_width_adapter: "mm_interconnect_0" instantiated altera_merlin_width_adapter "pio_0_s1_rsp_width_adapter"
Info: 2026.07.23.12:22:04 Info: Reusing file /home/huyatieo/Downloads/quickdraw_bnn_rtl/rtl/soc_system/synthesis/submodules
Info: 2026.07.23.12:22:04 Info: Reusing file /home/huyatieo/Downloads/quickdraw_bnn_rtl/rtl/soc_system/synthesis/submodules
Info: 2026.07.23.12:22:04 Info: avalon_st_adapter: "mm_interconnect_0" instantiated altera_avalon_st_adapter "avalon_st_adapter"
Info: 2026.07.23.12:22:04 Info: read_avalon_sdr_0_m0_translator: "mm_interconnect_1" instantiated altera_merlin_master_translator "read_avalon_sdr_0_m0_translator"
Info: 2026.07.23.12:22:04 Info: read_avalon_sdr_0_m0_agent: "mm_interconnect_1" instantiated altera_merlin_master_agent "read_avalon_sdr_0_m0_agent"
Info: 2026.07.23.12:22:04 Info: router: "mm_interconnect_1" instantiated altera_merlin_router "router"
Info: 2026.07.23.12:22:04 Info: router_001: "mm_interconnect_1" instantiated altera_merlin_router "router_001"
Info: 2026.07.23.12:22:04 Info: cmd_demux: "mm_interconnect_1" instantiated altera_merlin_demultiplexer "cmd_demux"
Info: 2026.07.23.12:22:04 Info: cmd_mux: "mm_interconnect_1" instantiated altera_merlin_multiplexer "cmd_mux"
Info: 2026.07.23.12:22:04 Info: Reusing file /home/huyatieo/Downloads/quickdraw_bnn_rtl/rtl/soc_system/synthesis/submodules
Info: 2026.07.23.12:22:04 Info: rsp_mux: "mm_interconnect_1" instantiated altera_merlin_multiplexer "rsp_mux"
Info: 2026.07.23.12:22:04 Info: Reusing file /home/huyatieo/Downloads/quickdraw_bnn_rtl/rtl/soc_system/synthesis/submodules
Info: 2026.07.23.12:22:05 Info: avalon_st_adapter: "mm_interconnect_1" instantiated altera_avalon_st_adapter "avalon_st_adapter"
Info: 2026.07.23.12:22:23 Info: border: "hps_io" instantiated altera_interface_generator "border"
Info: 2026.07.23.12:22:23 Info: error_adapter_0: "avalon_st_adapter" instantiated error_adapter "error_adapter_0"
Info: 2026.07.23.12:22:23 Info: error_adapter_0: "avalon_st_adapter" instantiated error_adapter "error_adapter_0"
Info: 2026.07.23.12:22:23 Info: soc_system: Done "soc_system" with 35 modules, 92 files
Info: 2026.07.23.12:22:24 Info: qsys-generate succeeded.
Info: 2026.07.23.12:22:24 Info: Finished: Create HDL design files for synthesis
Info (11904): Restoring file "soc_system.BAK.qsys" to "soc_system.qsys"
Error (14923): Error upgrading Platform Designer file "soc_system.qsys"
Info (11131): Completed upgrading IP component altera_pll with file "pll_25Mhz.v"
Error (11890): Unable to automatically upgrade Platform Designer component. Please manually upgrade "soc_system.qsys" in Platform Designer
Error (23031): Evaluation of Tcl script /home/huyatieo/intelFPGA_lite/20.1/quartus/common/tcl/internal/ip_regen/ip_regen.tcl unsuccessful
Error: Quartus Prime Shell was unsuccessful. 6 errors, 5 warnings
    Error: Peak virtual memory: 606 megabytes
    Error: Processing ended: Thu Jul 23 12:22:36 2026
    Error: Elapsed time: 00:02:42
    Error: Total CPU time (on all processors): 00:05:58


