IP Upgrade report for DE10_NANO_SoC_GHRD
Tue Jul 21 15:06:12 2026
Quartus Prime Version 20.1.1 Build 720 11/11/2020 SJ Lite Edition


---------------------
; Table of Contents ;
---------------------
  1. Legal Notice
  2. IP Upgrade Summary
  3. Successfully Upgraded IP Components
  4. Failed Upgrade IP Components
  5. IP Upgrade Messages



----------------
; Legal Notice ;
----------------
Copyright (C) 2020  Intel Corporation. All rights reserved.
Your use of Intel Corporation's design tools, logic functions 
and other software and tools, and any partner logic 
functions, and any output files from any of the foregoing 
(including device programming or simulation files), and any 
associated documentation or information are expressly subject 
to the terms and conditions of the Intel Program License 
Subscription Agreement, the Intel Quartus Prime License Agreement,
the Intel FPGA IP License Agreement, or other applicable license
agreement, including, without limitation, that your use is for
the sole purpose of programming logic devices manufactured by
Intel and sold by Intel or its authorized distributors.  Please
refer to the applicable agreement for further details, at
https://fpgasoftware.intel.com/eula.



+----------------------------------------------------------------------------+
; IP Upgrade Summary                                                         ;
+------------------------------+---------------------------------------------+
; IP Components Upgrade Status ; Passed - Tue Jul 21 15:06:12 2026           ;
; Quartus Prime Version        ; 20.1.1 Build 720 11/11/2020 SJ Lite Edition ;
; Revision Name                ; DE10_NANO_SoC_GHRD                          ;
; Top-level Entity Name        ; DE10_NANO_SoC_GHRD                          ;
; Family                       ; Cyclone V                                   ;
+------------------------------+---------------------------------------------+


+-----------------------------------------------------------------------------------------------------------------------------------------------------------------------+
; Successfully Upgraded IP Components                                                                                                                                   ;
+-------------+------------------------------+---------+----------------------------------+--------------------------------+----------------------------------+---------+
; Entity Name ; Component Name               ; Version ; Original Source File             ; Generation File Path           ; New Source File                  ; Message ;
+-------------+------------------------------+---------+----------------------------------+--------------------------------+----------------------------------+---------+
; hps_reset   ; In-System Sources and Probes ; 19.1    ; ip/altsource_probe/hps_reset.qip ; ip/altsource_probe/hps_reset.v ; ip/altsource_probe/hps_reset.qip ;         ;
+-------------+------------------------------+---------+----------------------------------+--------------------------------+----------------------------------+---------+


+----------------------------------------------------------------------------------------------------------------------------------------------------------------------------------+
; Failed Upgrade IP Components                                                                                                                                                     ;
+-------------+----------------+---------+-------------------------------------+----------------------+-----------------+----------------------------------------------------------+
; Entity Name ; Component Name ; Version ; Original Source File                ; Generation File Path ; New Source File ; Message                                                  ;
+-------------+----------------+---------+-------------------------------------+----------------------+-----------------+----------------------------------------------------------+
; soc_system  ; Qsys           ; 19.1    ; soc_system/synthesis/soc_system.qip ; soc_system.qsys      ;                 ; Error upgrading Platform Designer file "soc_system.qsys" ;
+-------------+----------------+---------+-------------------------------------+----------------------+-----------------+----------------------------------------------------------+


+---------------------+
; IP Upgrade Messages ;
+---------------------+
Info (11902): Backing up file "ip/altsource_probe/hps_reset.v" to "ip/altsource_probe/hps_reset.BAK.v"
Info (11837): Started upgrading IP component In-System Sources and Probes with file "ip/altsource_probe/hps_reset.v"
Info (11902): Backing up file "soc_system.qsys" to "soc_system.BAK.qsys"
Info (11902): Backing up file "soc_system/synthesis/soc_system.v" to "soc_system.BAK.v"
Info (11837): Started upgrading IP component Qsys with file "soc_system.qsys"
Info: 2026.07.21.15:04:11 Info: Starting to upgrade the IP cores in the Platform Designer system
Info: 2026.07.21.15:04:11 Info: Finished upgrading the ip cores
Info: 2026.07.21.15:04:32 Info: Saving generation log to /home/huyatieo/Desktop/project/ddr3_soc/soc_system
Info: 2026.07.21.15:04:32 Info: Starting: Create simulation model
Info: 2026.07.21.15:04:32 Info: Loading ddr3_soc
Info: 2026.07.21.15:04:32 Info: Reading input file
Info: 2026.07.21.15:04:32 Info: Adding avalon_control_0 [avalon_control 1.0]
Info: 2026.07.21.15:04:32 Info: Parameterizing module avalon_control_0
Info: 2026.07.21.15:04:32 Info: Adding avalon_sdr_0 [avalon_sdr 1.0]
Info: 2026.07.21.15:04:32 Info: Parameterizing module avalon_sdr_0
Info: 2026.07.21.15:04:32 Info: Adding clk_0 [clock_source 20.1]
Info: 2026.07.21.15:04:32 Info: Parameterizing module clk_0
Info: 2026.07.21.15:04:32 Info: Adding hps_0 [altera_hps 20.1]
Info: 2026.07.21.15:04:32 Info: Parameterizing module hps_0
Info: 2026.07.21.15:04:32 Info: Adding mm_bridge_0 [altera_avalon_mm_bridge 20.1]
Info: 2026.07.21.15:04:32 Info: Parameterizing module mm_bridge_0
Info: 2026.07.21.15:04:32 Info: Adding pio32_0 [pio32 1.0]
Info: 2026.07.21.15:04:32 Info: Parameterizing module pio32_0
Info: 2026.07.21.15:04:32 Info: Building connections
Info: 2026.07.21.15:04:32 Info: Parameterizing connections
Info: 2026.07.21.15:04:32 Info: Validating
Info: 2026.07.21.15:04:40 Info: Done reading input file
Info: 2026.07.21.15:04:43 Info: soc_system.hps_0: HPS Main PLL counter settings: n = 0  m = 63
Info: 2026.07.21.15:04:43 Info: soc_system.hps_0: HPS peripherial PLL counter settings: n = 0  m = 39
Warning: 2026.07.21.15:04:43 Warning: soc_system.hps_0: set_interface_assignment: Interface "hps_io" does not exist
Info: 2026.07.21.15:04:46 Info: soc_system: Generating soc_system "soc_system" for SIM_VERILOG
Info: 2026.07.21.15:04:52 Info: Interconnect is inserted between master avalon_sdr_0.m0 and slave hps_0.f2h_sdram0_data because the master has address signal 32 bit wide, but the slave is 27 bit wide.
Info: 2026.07.21.15:04:52 Info: Interconnect is inserted between master avalon_sdr_0.m0 and slave hps_0.f2h_sdram0_data because the master has readdata signal 32 bit wide, but the slave is 256 bit wide.
Info: 2026.07.21.15:04:52 Info: Interconnect is inserted between master avalon_sdr_0.m0 and slave hps_0.f2h_sdram0_data because the master has byteenable signal 4 bit wide, but the slave is 32 bit wide.
Info: 2026.07.21.15:04:52 Info: Interconnect is inserted between master avalon_sdr_0.m0 and slave hps_0.f2h_sdram0_data because the master has burstcount signal 11 bit wide, but the slave is 8 bit wide.
Info: 2026.07.21.15:04:53 Info: Interconnect is inserted between master mm_bridge_0.m0 and slave pio32_0.s0 because the master has waitrequest signal 1 bit wide, but the slave is 0 bit wide.
Info: 2026.07.21.15:04:53 Info: Interconnect is inserted between master mm_bridge_0.m0 and slave pio32_0.s0 because the master has readdatavalid signal 1 bit wide, but the slave is 0 bit wide.
Info: 2026.07.21.15:04:53 Info: Interconnect is inserted between master mm_bridge_0.m0 and slave pio32_0.s0 because the master has burstcount signal 1 bit wide, but the slave is 0 bit wide.
Info: 2026.07.21.15:04:53 Info: Interconnect is inserted between master mm_bridge_0.m0 and slave pio32_0.s0 because the master has writedata signal 32 bit wide, but the slave is 0 bit wide.
Info: 2026.07.21.15:04:53 Info: Interconnect is inserted between master mm_bridge_0.m0 and slave pio32_0.s0 because the master has address signal 10 bit wide, but the slave is 0 bit wide.
Info: 2026.07.21.15:04:53 Info: Interconnect is inserted between master mm_bridge_0.m0 and slave pio32_0.s0 because the master has write signal 1 bit wide, but the slave is 0 bit wide.
Info: 2026.07.21.15:04:53 Info: Interconnect is inserted between master mm_bridge_0.m0 and slave pio32_0.s0 because the master has byteenable signal 4 bit wide, but the slave is 0 bit wide.
Info: 2026.07.21.15:04:53 Info: Interconnect is inserted between master mm_bridge_0.m0 and slave pio32_0.s0 because the master has debugaccess signal 1 bit wide, but the slave is 0 bit wide.
Error: 2026.07.21.15:04:56 Error: avalon_control_0: avalon_control does not support generation for Verilog Simulation. Generation is available for: Quartus Synthesis.
Error: 2026.07.21.15:04:56 Error: Generation stopped, 9 or more modules remaining
Info: 2026.07.21.15:04:56 Info: soc_system: Done "soc_system" with 10 modules, 1 files
Error: 2026.07.21.15:04:56 Error: qsys-generate failed with exit code 1: 2 Errors, 1 Warning
Info: 2026.07.21.15:04:56 Info: Finished: Create simulation model
Info: 2026.07.21.15:04:56 Info: Starting: Create Modelsim Project.
Info: 2026.07.21.15:04:56 Info: sim-script-gen --spd=/home/huyatieo/Desktop/project/ddr3_soc/soc_system/soc_system.spd --output-directory=/home/huyatieo/Desktop/project/ddr3_soc/soc_system/simulation
Info: 2026.07.21.15:04:56 Info: Doing: ip-make-simscript --spd=/home/huyatieo/Desktop/project/ddr3_soc/soc_system/soc_system.spd --output-directory=/home/huyatieo/Desktop/project/ddr3_soc/soc_system/simulation
Info: 2026.07.21.15:04:57 Info: Generating the following file(s) for MODELSIM simulator in /home/huyatieo/Desktop/project/ddr3_soc/soc_system/simulation
Info: 2026.07.21.15:04:57 Info:     mentor
Info: 2026.07.21.15:04:57 Info: Generating the following file(s) for VCS simulator in /home/huyatieo/Desktop/project/ddr3_soc/soc_system/simulation
Info: 2026.07.21.15:04:57 Info:     synopsys/vcs
Info: 2026.07.21.15:04:57 Info: Generating the following file(s) for VCSMX simulator in /home/huyatieo/Desktop/project/ddr3_soc/soc_system/simulation
Info: 2026.07.21.15:04:57 Info:     synopsys/vcsmx
Info: 2026.07.21.15:04:57 Info:     synopsys/vcsmx
Info: 2026.07.21.15:04:57 Info: Generating the following file(s) for NCSIM simulator in /home/huyatieo/Desktop/project/ddr3_soc/soc_system/simulation
Info: 2026.07.21.15:04:57 Info:     cadence
Info: 2026.07.21.15:04:57 Info:     cadence
Info: 2026.07.21.15:04:57 Info:     cadence
Info: 2026.07.21.15:04:57 Info: Generating the following file(s) for RIVIERA simulator in /home/huyatieo/Desktop/project/ddr3_soc/soc_system/simulation
Info: 2026.07.21.15:04:57 Info:     aldec
Info: 2026.07.21.15:04:57 Info: For information on how to simulate your IP, see the explanatory comments in the simulator-specific subdirectories under /home/huyatieo/Desktop/project/ddr3_soc/soc_system/simulation
Info: 2026.07.21.15:04:57 Info: Regenerate these scripts whenever you make any change to any Quartus-generated IP in your project.
Info: 2026.07.21.15:04:57 Info: Finished: Create Modelsim Project.
Info: 2026.07.21.15:04:57 Info: Starting: Create block symbol file (.bsf)
Info: 2026.07.21.15:04:57 Info: Loading ddr3_soc
Info: 2026.07.21.15:04:57 Info: Reading input file
Info: 2026.07.21.15:04:57 Info: Adding avalon_control_0 [avalon_control 1.0]
Info: 2026.07.21.15:04:57 Info: Parameterizing module avalon_control_0
Info: 2026.07.21.15:04:57 Info: Adding avalon_sdr_0 [avalon_sdr 1.0]
Info: 2026.07.21.15:04:57 Info: Parameterizing module avalon_sdr_0
Info: 2026.07.21.15:04:57 Info: Adding clk_0 [clock_source 20.1]
Info: 2026.07.21.15:04:57 Info: Parameterizing module clk_0
Info: 2026.07.21.15:04:57 Info: Adding hps_0 [altera_hps 20.1]
Info: 2026.07.21.15:04:57 Info: Parameterizing module hps_0
Info: 2026.07.21.15:04:57 Info: Adding mm_bridge_0 [altera_avalon_mm_bridge 20.1]
Info: 2026.07.21.15:04:57 Info: Parameterizing module mm_bridge_0
Info: 2026.07.21.15:04:57 Info: Adding pio32_0 [pio32 1.0]
Info: 2026.07.21.15:04:57 Info: Parameterizing module pio32_0
Info: 2026.07.21.15:04:57 Info: Building connections
Info: 2026.07.21.15:04:57 Info: Parameterizing connections
Info: 2026.07.21.15:04:57 Info: Validating
Info: 2026.07.21.15:05:05 Info: Done reading input file
Info: 2026.07.21.15:05:06 Info: soc_system.hps_0: HPS Main PLL counter settings: n = 0  m = 63
Info: 2026.07.21.15:05:06 Info: soc_system.hps_0: HPS peripherial PLL counter settings: n = 0  m = 39
Warning: 2026.07.21.15:05:06 Warning: soc_system.hps_0: set_interface_assignment: Interface "hps_io" does not exist
Info: 2026.07.21.15:05:07 Info: qsys-generate succeeded.
Info: 2026.07.21.15:05:07 Info: Finished: Create block symbol file (.bsf)
Info: 2026.07.21.15:05:07 Info:
Info: 2026.07.21.15:05:07 Info: Starting: Create HDL design files for synthesis
Info: 2026.07.21.15:05:07 Info: Loading ddr3_soc
Info: 2026.07.21.15:05:07 Info: Reading input file
Info: 2026.07.21.15:05:07 Info: Adding avalon_control_0 [avalon_control 1.0]
Info: 2026.07.21.15:05:07 Info: Parameterizing module avalon_control_0
Info: 2026.07.21.15:05:07 Info: Adding avalon_sdr_0 [avalon_sdr 1.0]
Info: 2026.07.21.15:05:07 Info: Parameterizing module avalon_sdr_0
Info: 2026.07.21.15:05:07 Info: Adding clk_0 [clock_source 20.1]
Info: 2026.07.21.15:05:07 Info: Parameterizing module clk_0
Info: 2026.07.21.15:05:07 Info: Adding hps_0 [altera_hps 20.1]
Info: 2026.07.21.15:05:07 Info: Parameterizing module hps_0
Info: 2026.07.21.15:05:07 Info: Adding mm_bridge_0 [altera_avalon_mm_bridge 20.1]
Info: 2026.07.21.15:05:07 Info: Parameterizing module mm_bridge_0
2026.07.21.15:05:07 Info: Adding pio32_0 [pio32 1.0]
2026.07.21.15:05:07 Info: Parameterizing module pio32_0
Info: 2026.07.21.15:05:07 Info: Building connections
Info: 2026.07.21.15:05:07 Info: Parameterizing connections
Info: 2026.07.21.15:05:07 Info: Validating
Info: 2026.07.21.15:05:12 Info: Done reading input file
Info: 2026.07.21.15:05:13 Info: soc_system.hps_0: HPS Main PLL counter settings: n = 0  m = 63
Info: 2026.07.21.15:05:13 Info: soc_system.hps_0: HPS peripherial PLL counter settings: n = 0  m = 39
Warning: 2026.07.21.15:05:13 Warning: soc_system.hps_0: set_interface_assignment: Interface "hps_io" does not exist
Info: 2026.07.21.15:05:40 Info: soc_system: Generating soc_system "soc_system" for QUARTUS_SYNTH
Info: 2026.07.21.15:05:42 Info: Interconnect is inserted between master avalon_sdr_0.m0 and slave hps_0.f2h_sdram0_data because the master has address signal 32 bit wide, but the slave is 27 bit wide.
Info: 2026.07.21.15:05:42 Info: Interconnect is inserted between master avalon_sdr_0.m0 and slave hps_0.f2h_sdram0_data because the master has readdata signal 32 bit wide, but the slave is 256 bit wide.
Info: 2026.07.21.15:05:42 Info: Interconnect is inserted between master avalon_sdr_0.m0 and slave hps_0.f2h_sdram0_data because the master has byteenable signal 4 bit wide, but the slave is 32 bit wide.
Info: 2026.07.21.15:05:42 Info: Interconnect is inserted between master avalon_sdr_0.m0 and slave hps_0.f2h_sdram0_data because the master has burstcount signal 11 bit wide, but the slave is 8 bit wide.
Info: 2026.07.21.15:05:42 Info: Interconnect is inserted between master mm_bridge_0.m0 and slave pio32_0.s0 because the master has waitrequest signal 1 bit wide, but the slave is 0 bit wide.
Info: 2026.07.21.15:05:42 Info: Interconnect is inserted between master mm_bridge_0.m0 and slave pio32_0.s0 because the master has readdatavalid signal 1 bit wide, but the slave is 0 bit wide.
Info: 2026.07.21.15:05:42 Info: Interconnect is inserted between master mm_bridge_0.m0 and slave pio32_0.s0 because the master has burstcount signal 1 bit wide, but the slave is 0 bit wide.
Info: 2026.07.21.15:05:42 Info: Interconnect is inserted between master mm_bridge_0.m0 and slave pio32_0.s0 because the master has writedata signal 32 bit wide, but the slave is 0 bit wide.
Info: 2026.07.21.15:05:42 Info: Interconnect is inserted between master mm_bridge_0.m0 and slave pio32_0.s0 because the master has address signal 10 bit wide, but the slave is 0 bit wide.
Info: 2026.07.21.15:05:42 Info: Interconnect is inserted between master mm_bridge_0.m0 and slave pio32_0.s0 because the master has write signal 1 bit wide, but the slave is 0 bit wide.
Info: 2026.07.21.15:05:42 Info: Interconnect is inserted between master mm_bridge_0.m0 and slave pio32_0.s0 because the master has byteenable signal 4 bit wide, but the slave is 0 bit wide.
Info: 2026.07.21.15:05:42 Info: Interconnect is inserted between master mm_bridge_0.m0 and slave pio32_0.s0 because the master has debugaccess signal 1 bit wide, but the slave is 0 bit wide.
Info: 2026.07.21.15:05:44 Info: avalon_control_0: "soc_system" instantiated avalon_control "avalon_control_0"
Info: 2026.07.21.15:05:44 Info: avalon_sdr_0: "soc_system" instantiated avalon_sdr "avalon_sdr_0"
Info: 2026.07.21.15:05:44 Info: hps_0: "Running  for module: hps_0"
Info: 2026.07.21.15:05:45 Info: hps_0: HPS Main PLL counter settings: n = 0  m = 63
Info: 2026.07.21.15:05:45 Info: hps_0: HPS peripherial PLL counter settings: n = 0  m = 39
Warning: 2026.07.21.15:05:46 Warning: hps_0: set_interface_assignment: Interface "hps_io" does not exist
Info: 2026.07.21.15:05:46 Info: hps_0: "soc_system" instantiated altera_hps "hps_0"
Info: 2026.07.21.15:05:46 Info: mm_bridge_0: "soc_system" instantiated altera_avalon_mm_bridge "mm_bridge_0"
Info: 2026.07.21.15:05:46 Info: pio32_0: "soc_system" instantiated pio32 "pio32_0"
Info: 2026.07.21.15:05:46 Info: avalon_st_adapter: Inserting error_adapter: error_adapter_0
Info: 2026.07.21.15:05:46 Info: avalon_st_adapter_001: Inserting error_adapter: error_adapter_0
Info: 2026.07.21.15:05:46 Info: mm_interconnect_0: "soc_system" instantiated altera_mm_interconnect "mm_interconnect_0"
Info: 2026.07.21.15:05:46 Info: avalon_st_adapter: Inserting error_adapter: error_adapter_0
Info: 2026.07.21.15:05:46 Info: mm_interconnect_1: "soc_system" instantiated altera_mm_interconnect "mm_interconnect_1"
Info: 2026.07.21.15:05:46 Info: mm_interconnect_2: "soc_system" instantiated altera_mm_interconnect "mm_interconnect_2"
Info: 2026.07.21.15:05:46 Info: rst_controller: "soc_system" instantiated altera_reset_controller "rst_controller"
Info: 2026.07.21.15:05:47 Info: fpga_interfaces: "hps_0" instantiated altera_interface_generator "fpga_interfaces"
Info: 2026.07.21.15:05:47 Info: hps_io: "hps_0" instantiated altera_hps_io "hps_io"
Info: 2026.07.21.15:05:47 Info: avalon_control_0_s0_translator: "mm_interconnect_0" instantiated altera_merlin_slave_translator "avalon_control_0_s0_translator"
Info: 2026.07.21.15:05:47 Info: hps_0_h2f_axi_master_agent: "mm_interconnect_0" instantiated altera_merlin_axi_master_ni "hps_0_h2f_axi_master_agent"
Info: 2026.07.21.15:05:47 Info: avalon_control_0_s0_agent: "mm_interconnect_0" instantiated altera_merlin_slave_agent "avalon_control_0_s0_agent"
Info: 2026.07.21.15:05:47 Info: avalon_control_0_s0_agent_rsp_fifo: "mm_interconnect_0" instantiated altera_avalon_sc_fifo "avalon_control_0_s0_agent_rsp_fifo"
Info: 2026.07.21.15:05:47 Info: router: "mm_interconnect_0" instantiated altera_merlin_router "router"
Info: 2026.07.21.15:05:47 Info: router_002: "mm_interconnect_0" instantiated altera_merlin_router "router_002"
Info: 2026.07.21.15:05:47 Info: hps_0_h2f_axi_master_wr_limiter: "mm_interconnect_0" instantiated altera_merlin_traffic_limiter "hps_0_h2f_axi_master_wr_limiter"
Info: 2026.07.21.15:05:47 Info: Reusing file /home/huyatieo/Desktop/project/ddr3_soc/soc_system/synthesis/submodules
Info: 2026.07.21.15:05:47 Info: avalon_control_0_s0_burst_adapter: "mm_interconnect_0" instantiated altera_merlin_burst_adapter "avalon_control_0_s0_burst_adapter"
Info: 2026.07.21.15:05:47 Info: Reusing file /home/huyatieo/Desktop/project/ddr3_soc/soc_system/synthesis/submodules
Info: 2026.07.21.15:05:47 Info: Reusing file /home/huyatieo/Desktop/project/ddr3_soc/soc_system/synthesis/submodules
Info: 2026.07.21.15:05:47 Info: cmd_demux: "mm_interconnect_0" instantiated altera_merlin_demultiplexer "cmd_demux"
Info: 2026.07.21.15:05:47 Info: cmd_mux: "mm_interconnect_0" instantiated altera_merlin_multiplexer "cmd_mux"
Info: 2026.07.21.15:05:47 Info: rsp_demux: "mm_interconnect_0" instantiated altera_merlin_demultiplexer "rsp_demux"
Info: 2026.07.21.15:05:47 Info: rsp_mux: "mm_interconnect_0" instantiated altera_merlin_multiplexer "rsp_mux"
Info: 2026.07.21.15:05:47 Info: Reusing file /home/huyatieo/Desktop/project/ddr3_soc/soc_system/synthesis/submodules
Info: 2026.07.21.15:05:47 Info: avalon_st_adapter: "mm_interconnect_0" instantiated altera_avalon_st_adapter "avalon_st_adapter"
Info: 2026.07.21.15:05:47 Info: avalon_sdr_0_m0_translator: "mm_interconnect_1" instantiated altera_merlin_master_translator "avalon_sdr_0_m0_translator"
Info: 2026.07.21.15:05:47 Info: avalon_sdr_0_m0_agent: "mm_interconnect_1" instantiated altera_merlin_master_agent "avalon_sdr_0_m0_agent"
Info: 2026.07.21.15:05:47 Info: router: "mm_interconnect_1" instantiated altera_merlin_router "router"
Info: 2026.07.21.15:05:47 Info: router_001: "mm_interconnect_1" instantiated altera_merlin_router "router_001"
Info: 2026.07.21.15:05:47 Info: cmd_demux: "mm_interconnect_1" instantiated altera_merlin_demultiplexer "cmd_demux"
Info: 2026.07.21.15:05:47 Info: cmd_mux: "mm_interconnect_1" instantiated altera_merlin_multiplexer "cmd_mux"
Info: 2026.07.21.15:05:47 Info: Reusing file /home/huyatieo/Desktop/project/ddr3_soc/soc_system/synthesis/submodules
Info: 2026.07.21.15:05:47 Info: rsp_mux: "mm_interconnect_1" instantiated altera_merlin_multiplexer "rsp_mux"
Info: 2026.07.21.15:05:47 Info: Reusing file /home/huyatieo/Desktop/project/ddr3_soc/soc_system/synthesis/submodules
Info: 2026.07.21.15:05:47 Info: hps_0_f2h_sdram0_data_rsp_width_adapter: "mm_interconnect_1" instantiated altera_merlin_width_adapter "hps_0_f2h_sdram0_data_rsp_width_adapter"
Info: 2026.07.21.15:05:47 Info: Reusing file /home/huyatieo/Desktop/project/ddr3_soc/soc_system/synthesis/submodules/altera_merlin_address_alignment.sv
2026.07.21.15:05:47 Info: Reusing file /home/huyatieo/Desktop/project/ddr3_soc/soc_system/synthesis/submodules
Info: 2026.07.21.15:05:47 Info: avalon_st_adapter: "mm_interconnect_1" instantiated altera_avalon_st_adapter "avalon_st_adapter"
Info: 2026.07.21.15:06:06 Info: border: "hps_io" instantiated altera_interface_generator "border"
Info: 2026.07.21.15:06:06 Info: error_adapter_0: "avalon_st_adapter" instantiated error_adapter "error_adapter_0"
Info: 2026.07.21.15:06:06 Info: error_adapter_0: "avalon_st_adapter" instantiated error_adapter "error_adapter_0"
Info: 2026.07.21.15:06:06 Info: soc_system: Done "soc_system" with 37 modules, 94 files
Info: 2026.07.21.15:06:07 Info: qsys-generate succeeded.
Info: 2026.07.21.15:06:07 Info: Finished: Create HDL design files for synthesis
Info (11904): Restoring file "soc_system.BAK.qsys" to "soc_system.qsys"
Error (14923): Error upgrading Platform Designer file "soc_system.qsys"
Info (11131): Completed upgrading IP component In-System Sources and Probes with file "ip/altsource_probe/hps_reset.v"
Error (11890): Unable to automatically upgrade Platform Designer component. Please manually upgrade "soc_system.qsys" in Platform Designer
Error (23031): Evaluation of Tcl script /home/huyatieo/intelFPGA_lite/20.1/quartus/common/tcl/internal/ip_regen/ip_regen.tcl unsuccessful
Error: Quartus Prime Shell was unsuccessful. 6 errors, 4 warnings
    Error: Peak virtual memory: 604 megabytes
    Error: Processing ended: Tue Jul 21 15:06:18 2026
    Error: Elapsed time: 00:02:32
    Error: Total CPU time (on all processors): 00:05:19


