# vsim -debugDB -l sim.log -voptargs="+acc" -assertdebug -c tb_sobel_soc_wrapper -do "log -r /*; run -all; quit" 
# Start time: 15:55:22 on Aug 21,2026
# ** Note: (vsim-3813) Design is being optimized due to module recompilation...
# ** Note: (vsim-8611) Generating debug db.
# //  Questa Sim-64
# //  Version 2021.2_1 linux_x86_64 May 15 2021
# //
# //  Copyright 1991-2021 Mentor Graphics Corporation
# //  All Rights Reserved.
# //
# //  QuestaSim and its associated documentation contain trade
# //  secrets and commercial or financial information that are the property of
# //  Mentor Graphics Corporation and are privileged, confidential,
# //  and exempt from disclosure under the Freedom of Information Act,
# //  5 U.S.C. Section 552. Furthermore, this information
# //  is prohibited from disclosure under the Trade Secrets Act,
# //  18 U.S.C. Section 1905.
# //
# Loading sv_std.std
# Loading work.tb_sobel_soc_wrapper(fast)
# Loading work.sobel_soc_wrapper(fast)
# Loading work.parallel_line_buffer(fast)
# Loading work.sobel_accelerator(fast)
# Loading work.sobel_pe(fast)
# ** Note: (vsim-8900) Creating design debug database vsim.dbg.
# log -r /*
#  run -all
# === BAT DAU SIMULATION CHUAN ===
# ========================================
# Tong so Beat gui vao :         100
# So Beat giu trong line buffer:          40
# So Beat thuc te nhan :          60 /          60 (Ky vong)
# [THANH CONG] PIPELINE MATCH 100% KHONG ROT DU LIEU!
# ========================================
# ** Note: $finish    : /home/huyatieo/Desktop/project/profilling/sobel/RTL/hardware/tb/tb_sobel_soc_wrapper.sv(83)
#    Time: 2810 ns  Iteration: 1  Instance: /tb_sobel_soc_wrapper
# End time: 15:55:23 on Aug 21,2026, Elapsed time: 0:00:01
# Errors: 0, Warnings: 0
