Info: Starting: Create simulation model
Info: qsys-generate /home/huyatieo/Desktop/project/ddr3_soc/soc_system.qsys --simulation=VERILOG --allow-mixed-language-simulation --output-directory=/home/huyatieo/Desktop/project/ddr3_soc/soc_system/simulation --family="Cyclone V" --part=5CSEBA6U23I7
Progress: Loading ddr3_soc/soc_system.qsys
Progress: Reading input file
Progress: Adding avalon_control_0 [avalon_control 1.0]
Progress: Parameterizing module avalon_control_0
Progress: Adding avalon_sdr_0 [avalon_sdr 1.0]
Progress: Parameterizing module avalon_sdr_0
Progress: Adding clk_0 [clock_source 20.1]
Progress: Parameterizing module clk_0
Progress: Adding hps_0 [altera_hps 20.1]
Progress: Parameterizing module hps_0
Progress: Adding mm_bridge_0 [altera_avalon_mm_bridge 20.1]
Progress: Parameterizing module mm_bridge_0
Progress: Adding pio32_0 [pio32 1.0]
Progress: Parameterizing module pio32_0
Progress: Building connections
Progress: Parameterizing connections
Progress: Validating
Progress: Done reading input file
Info: soc_system.hps_0: HPS Main PLL counter settings: n = 0  m = 63
Info: soc_system.hps_0: HPS peripherial PLL counter settings: n = 0  m = 39
Warning: soc_system.hps_0: set_interface_assignment: Interface "hps_io" does not exist
Info: soc_system: Generating soc_system "soc_system" for SIM_VERILOG
Info: Interconnect is inserted between master avalon_sdr_0.m0 and slave hps_0.f2h_sdram0_data because the master has address signal 32 bit wide, but the slave is 27 bit wide.
Info: Interconnect is inserted between master avalon_sdr_0.m0 and slave hps_0.f2h_sdram0_data because the master has readdata signal 32 bit wide, but the slave is 256 bit wide.
Info: Interconnect is inserted between master avalon_sdr_0.m0 and slave hps_0.f2h_sdram0_data because the master has byteenable signal 4 bit wide, but the slave is 32 bit wide.
Info: Interconnect is inserted between master avalon_sdr_0.m0 and slave hps_0.f2h_sdram0_data because the master has burstcount signal 11 bit wide, but the slave is 8 bit wide.
Info: Interconnect is inserted between master mm_bridge_0.m0 and slave pio32_0.s0 because the master has waitrequest signal 1 bit wide, but the slave is 0 bit wide.
Info: Interconnect is inserted between master mm_bridge_0.m0 and slave pio32_0.s0 because the master has readdatavalid signal 1 bit wide, but the slave is 0 bit wide.
Info: Interconnect is inserted between master mm_bridge_0.m0 and slave pio32_0.s0 because the master has burstcount signal 1 bit wide, but the slave is 0 bit wide.
Info: Interconnect is inserted between master mm_bridge_0.m0 and slave pio32_0.s0 because the master has writedata signal 32 bit wide, but the slave is 0 bit wide.
Info: Interconnect is inserted between master mm_bridge_0.m0 and slave pio32_0.s0 because the master has address signal 10 bit wide, but the slave is 0 bit wide.
Info: Interconnect is inserted between master mm_bridge_0.m0 and slave pio32_0.s0 because the master has write signal 1 bit wide, but the slave is 0 bit wide.
Info: Interconnect is inserted between master mm_bridge_0.m0 and slave pio32_0.s0 because the master has byteenable signal 4 bit wide, but the slave is 0 bit wide.
Info: Interconnect is inserted between master mm_bridge_0.m0 and slave pio32_0.s0 because the master has debugaccess signal 1 bit wide, but the slave is 0 bit wide.
Error: avalon_control_0: avalon_control does not support generation for Verilog Simulation. Generation is available for: Quartus Synthesis.
Error: Generation stopped, 9 or more modules remaining
Info: soc_system: Done "soc_system" with 10 modules, 1 files
Error: qsys-generate failed with exit code 1: 2 Errors, 1 Warning
Info: Finished: Create simulation model
Info: Starting: Create Modelsim Project.
Info: sim-script-gen --spd=/home/huyatieo/Desktop/project/ddr3_soc/soc_system/soc_system.spd --output-directory=/home/huyatieo/Desktop/project/ddr3_soc/soc_system/simulation/ --use-relative-paths=true
Info: Doing: ip-make-simscript --spd=/home/huyatieo/Desktop/project/ddr3_soc/soc_system/soc_system.spd --output-directory=/home/huyatieo/Desktop/project/ddr3_soc/soc_system/simulation/ --use-relative-paths=true
Info: Generating the following file(s) for MODELSIM simulator in /home/huyatieo/Desktop/project/ddr3_soc/soc_system/simulation/ directory:
Info: 	mentor/msim_setup.tcl
Info: Generating the following file(s) for VCS simulator in /home/huyatieo/Desktop/project/ddr3_soc/soc_system/simulation/ directory:
Info: 	synopsys/vcs/vcs_setup.sh
Info: Generating the following file(s) for VCSMX simulator in /home/huyatieo/Desktop/project/ddr3_soc/soc_system/simulation/ directory:
Info: 	synopsys/vcsmx/synopsys_sim.setup
Info: 	synopsys/vcsmx/vcsmx_setup.sh
Info: Generating the following file(s) for NCSIM simulator in /home/huyatieo/Desktop/project/ddr3_soc/soc_system/simulation/ directory:
Info: 	cadence/cds.lib
Info: 	cadence/hdl.var
Info: 	cadence/ncsim_setup.sh
Info: Generating the following file(s) for RIVIERA simulator in /home/huyatieo/Desktop/project/ddr3_soc/soc_system/simulation/ directory:
Info: 	aldec/rivierapro_setup.tcl
Info: For information on how to simulate your IP, see the explanatory comments in the simulator-specific subdirectories under /home/huyatieo/Desktop/project/ddr3_soc/soc_system/simulation/.
Info: Regenerate these scripts whenever you make any change to any Quartus-generated IP in your project.
Info: Finished: Create Modelsim Project.
Info: Starting: Create block symbol file (.bsf)
Info: qsys-generate /home/huyatieo/Desktop/project/ddr3_soc/soc_system.qsys --block-symbol-file --output-directory=/home/huyatieo/Desktop/project/ddr3_soc/soc_system --family="Cyclone V" --part=5CSEBA6U23I7
Progress: Loading ddr3_soc/soc_system.qsys
Progress: Reading input file
Progress: Adding avalon_control_0 [avalon_control 1.0]
Progress: Parameterizing module avalon_control_0
Progress: Adding avalon_sdr_0 [avalon_sdr 1.0]
Progress: Parameterizing module avalon_sdr_0
Progress: Adding clk_0 [clock_source 20.1]
Progress: Parameterizing module clk_0
Progress: Adding hps_0 [altera_hps 20.1]
Progress: Parameterizing module hps_0
Progress: Adding mm_bridge_0 [altera_avalon_mm_bridge 20.1]
Progress: Parameterizing module mm_bridge_0
Progress: Adding pio32_0 [pio32 1.0]
Progress: Parameterizing module pio32_0
Progress: Building connections
Progress: Parameterizing connections
Progress: Validating
Progress: Done reading input file
Info: soc_system.hps_0: HPS Main PLL counter settings: n = 0  m = 63
Info: soc_system.hps_0: HPS peripherial PLL counter settings: n = 0  m = 39
Warning: soc_system.hps_0: set_interface_assignment: Interface "hps_io" does not exist
Info: qsys-generate succeeded.
Info: Finished: Create block symbol file (.bsf)
Info: 
Info: Starting: Create HDL design files for synthesis
Info: qsys-generate /home/huyatieo/Desktop/project/ddr3_soc/soc_system.qsys --synthesis=VERILOG --output-directory=/home/huyatieo/Desktop/project/ddr3_soc/soc_system/synthesis --family="Cyclone V" --part=5CSEBA6U23I7
Progress: Loading ddr3_soc/soc_system.qsys
Progress: Reading input file
Progress: Adding avalon_control_0 [avalon_control 1.0]
Progress: Parameterizing module avalon_control_0
Progress: Adding avalon_sdr_0 [avalon_sdr 1.0]
Progress: Parameterizing module avalon_sdr_0
Progress: Adding clk_0 [clock_source 20.1]
Progress: Parameterizing module clk_0
Progress: Adding hps_0 [altera_hps 20.1]
Progress: Parameterizing module hps_0
Progress: Adding mm_bridge_0 [altera_avalon_mm_bridge 20.1]
Progress: Parameterizing module mm_bridge_0
Progress: Adding pio32_0 [pio32 1.0]
Progress: Parameterizing module pio32_0
Progress: Building connections
Progress: Parameterizing connections
Progress: Validating
Progress: Done reading input file
Info: soc_system.hps_0: HPS Main PLL counter settings: n = 0  m = 63
Info: soc_system.hps_0: HPS peripherial PLL counter settings: n = 0  m = 39
Warning: soc_system.hps_0: set_interface_assignment: Interface "hps_io" does not exist
Info: soc_system: Generating soc_system "soc_system" for QUARTUS_SYNTH
Info: Interconnect is inserted between master avalon_sdr_0.m0 and slave hps_0.f2h_sdram0_data because the master has address signal 32 bit wide, but the slave is 27 bit wide.
Info: Interconnect is inserted between master avalon_sdr_0.m0 and slave hps_0.f2h_sdram0_data because the master has readdata signal 32 bit wide, but the slave is 256 bit wide.
Info: Interconnect is inserted between master avalon_sdr_0.m0 and slave hps_0.f2h_sdram0_data because the master has byteenable signal 4 bit wide, but the slave is 32 bit wide.
Info: Interconnect is inserted between master avalon_sdr_0.m0 and slave hps_0.f2h_sdram0_data because the master has burstcount signal 11 bit wide, but the slave is 8 bit wide.
Info: Interconnect is inserted between master mm_bridge_0.m0 and slave pio32_0.s0 because the master has waitrequest signal 1 bit wide, but the slave is 0 bit wide.
Info: Interconnect is inserted between master mm_bridge_0.m0 and slave pio32_0.s0 because the master has readdatavalid signal 1 bit wide, but the slave is 0 bit wide.
Info: Interconnect is inserted between master mm_bridge_0.m0 and slave pio32_0.s0 because the master has burstcount signal 1 bit wide, but the slave is 0 bit wide.
Info: Interconnect is inserted between master mm_bridge_0.m0 and slave pio32_0.s0 because the master has writedata signal 32 bit wide, but the slave is 0 bit wide.
Info: Interconnect is inserted between master mm_bridge_0.m0 and slave pio32_0.s0 because the master has address signal 10 bit wide, but the slave is 0 bit wide.
Info: Interconnect is inserted between master mm_bridge_0.m0 and slave pio32_0.s0 because the master has write signal 1 bit wide, but the slave is 0 bit wide.
Info: Interconnect is inserted between master mm_bridge_0.m0 and slave pio32_0.s0 because the master has byteenable signal 4 bit wide, but the slave is 0 bit wide.
Info: Interconnect is inserted between master mm_bridge_0.m0 and slave pio32_0.s0 because the master has debugaccess signal 1 bit wide, but the slave is 0 bit wide.
Info: avalon_control_0: "soc_system" instantiated avalon_control "avalon_control_0"
Info: avalon_sdr_0: "soc_system" instantiated avalon_sdr "avalon_sdr_0"
Info: hps_0: "Running  for module: hps_0"
Info: hps_0: HPS Main PLL counter settings: n = 0  m = 63
Info: hps_0: HPS peripherial PLL counter settings: n = 0  m = 39
Warning: hps_0: set_interface_assignment: Interface "hps_io" does not exist
Info: hps_0: "soc_system" instantiated altera_hps "hps_0"
Info: mm_bridge_0: "soc_system" instantiated altera_avalon_mm_bridge "mm_bridge_0"
Info: pio32_0: "soc_system" instantiated pio32 "pio32_0"
Info: avalon_st_adapter: Inserting error_adapter: error_adapter_0
Info: avalon_st_adapter_001: Inserting error_adapter: error_adapter_0
Info: mm_interconnect_0: "soc_system" instantiated altera_mm_interconnect "mm_interconnect_0"
Info: avalon_st_adapter: Inserting error_adapter: error_adapter_0
Info: mm_interconnect_1: "soc_system" instantiated altera_mm_interconnect "mm_interconnect_1"
Info: mm_interconnect_2: "soc_system" instantiated altera_mm_interconnect "mm_interconnect_2"
Info: rst_controller: "soc_system" instantiated altera_reset_controller "rst_controller"
Info: fpga_interfaces: "hps_0" instantiated altera_interface_generator "fpga_interfaces"
Info: hps_io: "hps_0" instantiated altera_hps_io "hps_io"
Info: avalon_control_0_s0_translator: "mm_interconnect_0" instantiated altera_merlin_slave_translator "avalon_control_0_s0_translator"
Info: hps_0_h2f_axi_master_agent: "mm_interconnect_0" instantiated altera_merlin_axi_master_ni "hps_0_h2f_axi_master_agent"
Info: avalon_control_0_s0_agent: "mm_interconnect_0" instantiated altera_merlin_slave_agent "avalon_control_0_s0_agent"
Info: avalon_control_0_s0_agent_rsp_fifo: "mm_interconnect_0" instantiated altera_avalon_sc_fifo "avalon_control_0_s0_agent_rsp_fifo"
Info: router: "mm_interconnect_0" instantiated altera_merlin_router "router"
Info: router_002: "mm_interconnect_0" instantiated altera_merlin_router "router_002"
Info: hps_0_h2f_axi_master_wr_limiter: "mm_interconnect_0" instantiated altera_merlin_traffic_limiter "hps_0_h2f_axi_master_wr_limiter"
Info: Reusing file /home/huyatieo/Desktop/project/ddr3_soc/soc_system/synthesis/submodules/altera_avalon_sc_fifo.v
Info: avalon_control_0_s0_burst_adapter: "mm_interconnect_0" instantiated altera_merlin_burst_adapter "avalon_control_0_s0_burst_adapter"
Info: Reusing file /home/huyatieo/Desktop/project/ddr3_soc/soc_system/synthesis/submodules/altera_merlin_address_alignment.sv
Info: Reusing file /home/huyatieo/Desktop/project/ddr3_soc/soc_system/synthesis/submodules/altera_avalon_st_pipeline_base.v
Info: cmd_demux: "mm_interconnect_0" instantiated altera_merlin_demultiplexer "cmd_demux"
Info: cmd_mux: "mm_interconnect_0" instantiated altera_merlin_multiplexer "cmd_mux"
Info: rsp_demux: "mm_interconnect_0" instantiated altera_merlin_demultiplexer "rsp_demux"
Info: rsp_mux: "mm_interconnect_0" instantiated altera_merlin_multiplexer "rsp_mux"
Info: Reusing file /home/huyatieo/Desktop/project/ddr3_soc/soc_system/synthesis/submodules/altera_merlin_arbitrator.sv
Info: avalon_st_adapter: "mm_interconnect_0" instantiated altera_avalon_st_adapter "avalon_st_adapter"
Info: avalon_sdr_0_m0_translator: "mm_interconnect_1" instantiated altera_merlin_master_translator "avalon_sdr_0_m0_translator"
Info: avalon_sdr_0_m0_agent: "mm_interconnect_1" instantiated altera_merlin_master_agent "avalon_sdr_0_m0_agent"
Info: router: "mm_interconnect_1" instantiated altera_merlin_router "router"
Info: router_001: "mm_interconnect_1" instantiated altera_merlin_router "router_001"
Info: cmd_demux: "mm_interconnect_1" instantiated altera_merlin_demultiplexer "cmd_demux"
Info: cmd_mux: "mm_interconnect_1" instantiated altera_merlin_multiplexer "cmd_mux"
Info: Reusing file /home/huyatieo/Desktop/project/ddr3_soc/soc_system/synthesis/submodules/altera_merlin_arbitrator.sv
Info: rsp_mux: "mm_interconnect_1" instantiated altera_merlin_multiplexer "rsp_mux"
Info: Reusing file /home/huyatieo/Desktop/project/ddr3_soc/soc_system/synthesis/submodules/altera_merlin_arbitrator.sv
Info: hps_0_f2h_sdram0_data_rsp_width_adapter: "mm_interconnect_1" instantiated altera_merlin_width_adapter "hps_0_f2h_sdram0_data_rsp_width_adapter"
Info: Reusing file /home/huyatieo/Desktop/project/ddr3_soc/soc_system/synthesis/submodules/altera_merlin_address_alignment.sv
Info: Reusing file /home/huyatieo/Desktop/project/ddr3_soc/soc_system/synthesis/submodules/altera_merlin_burst_uncompressor.sv
Info: avalon_st_adapter: "mm_interconnect_1" instantiated altera_avalon_st_adapter "avalon_st_adapter"
Info: border: "hps_io" instantiated altera_interface_generator "border"
Info: error_adapter_0: "avalon_st_adapter" instantiated error_adapter "error_adapter_0"
Info: error_adapter_0: "avalon_st_adapter" instantiated error_adapter "error_adapter_0"
Info: soc_system: Done "soc_system" with 37 modules, 94 files
Info: qsys-generate succeeded.
Info: Finished: Create HDL design files for synthesis
